Modules list:
-------------
mousedemo.o:
    CODE              Offs=000000  Size=000474  Align=00001  Fill=0000
    RODATA            Offs=000000  Size=000179  Align=00001  Fill=0000
    BSS               Offs=000000  Size=000002  Align=00001  Fill=0000
/usr/share/cc65/lib/atari.lib(_cursor.o):
    BSS               Offs=000002  Size=000001  Align=00001  Fill=0000
/usr/share/cc65/lib/atari.lib(_directerrno.o):
    CODE              Offs=000474  Size=00000A  Align=00001  Fill=0000
/usr/share/cc65/lib/atari.lib(_heap.o):
    DATA              Offs=000000  Size=00000A  Align=00001  Fill=0000
    ONCE              Offs=000000  Size=000010  Align=00001  Fill=0000
/usr/share/cc65/lib/atari.lib(_hextab.o):
    RODATA            Offs=000179  Size=000010  Align=00001  Fill=0000
/usr/share/cc65/lib/atari.lib(_longminstr.o):
    RODATA            Offs=000189  Size=00000C  Align=00001  Fill=0000
/usr/share/cc65/lib/atari.lib(_mappederrno.o):
    CODE              Offs=00047E  Size=000010  Align=00001  Fill=0000
/usr/share/cc65/lib/atari.lib(_oserror.o):
    BSS               Offs=000003  Size=000001  Align=00001  Fill=0000
/usr/share/cc65/lib/atari.lib(_printf.o):
    CODE              Offs=00048E  Size=0003A5  Align=00001  Fill=0000
    BSS               Offs=000004  Size=00002B  Align=00001  Fill=0000
    DATA              Offs=00000A  Size=000003  Align=00001  Fill=0000
/usr/share/cc65/lib/atari.lib(_scrsize.o):
    CODE              Offs=000833  Size=000006  Align=00001  Fill=0000
/usr/share/cc65/lib/atari.lib(_seterrno.o):
    CODE              Offs=000839  Size=000009  Align=00001  Fill=0000
/usr/share/cc65/lib/atari.lib(add.o):
    CODE              Offs=000842  Size=00001C  Align=00001  Fill=0000
/usr/share/cc65/lib/atari.lib(addeqsp.o):
    CODE              Offs=00085E  Size=000011  Align=00001  Fill=0000
/usr/share/cc65/lib/atari.lib(addysp.o):
    CODE              Offs=00086F  Size=00000E  Align=00001  Fill=0000
/usr/share/cc65/lib/atari.lib(aslax1.o):
    CODE              Offs=00087D  Size=000008  Align=00001  Fill=0000
/usr/share/cc65/lib/atari.lib(aslax3.o):
    CODE              Offs=000885  Size=00000E  Align=00001  Fill=0000
/usr/share/cc65/lib/atari.lib(aslax4.o):
    CODE              Offs=000893  Size=000011  Align=00001  Fill=0000
/usr/share/cc65/lib/atari.lib(asmtab.o):
    RODATA            Offs=000195  Size=0000DE  Align=00001  Fill=0000
/usr/share/cc65/lib/atari.lib(axlong.o):
    CODE              Offs=0008A4  Size=00000D  Align=00001  Fill=0000
/usr/share/cc65/lib/atari.lib(bgcolor.o):
    CODE              Offs=0008B1  Size=000018  Align=00001  Fill=0000
/usr/share/cc65/lib/atari.lib(bordercolor.o):
    CODE              Offs=0008C9  Size=00000A  Align=00001  Fill=0000
/usr/share/cc65/lib/atari.lib(break.o):
    CODE              Offs=0008D3  Size=000072  Align=00001  Fill=0000
    BSS               Offs=00002F  Size=000008  Align=00001  Fill=0000
    DATA              Offs=00000D  Size=000003  Align=00001  Fill=0000
/usr/share/cc65/lib/atari.lib(call.o):
    CODE              Offs=000945  Size=000007  Align=00001  Fill=0000
/usr/share/cc65/lib/atari.lib(callirq.o):
    DATA              Offs=000010  Size=00001E  Align=00001  Fill=0000
/usr/share/cc65/lib/atari.lib(callmain.o):
    CODE              Offs=00094C  Size=000017  Align=00001  Fill=0000
    DATA              Offs=00002E  Size=000004  Align=00001  Fill=0000
/usr/share/cc65/lib/atari.lib(cclear.o):
    CODE              Offs=000963  Size=000015  Align=00001  Fill=0000
/usr/share/cc65/lib/atari.lib(cgetc.o):
    CODE              Offs=000978  Size=000016  Align=00001  Fill=0000
/usr/share/cc65/lib/atari.lib(chline.o):
    CODE              Offs=00098E  Size=000017  Align=00001  Fill=0000
/usr/share/cc65/lib/atari.lib(close.o):
    CODE              Offs=0009A5  Size=00001E  Align=00001  Fill=0000
/usr/share/cc65/lib/atari.lib(clrscr.o):
    CODE              Offs=0009C3  Size=00002A  Align=00001  Fill=0000
/usr/share/cc65/lib/atari.lib(condes.o):
    CODE              Offs=0009ED  Size=00000C  Align=00001  Fill=0000
    DATA              Offs=000032  Size=000025  Align=00001  Fill=0000
    ONCE              Offs=000010  Size=00000C  Align=00001  Fill=0000
/usr/share/cc65/lib/atari.lib(cprintf.o):
    CODE              Offs=0009F9  Size=00002A  Align=00001  Fill=0000
    BSS               Offs=000037  Size=000001  Align=00001  Fill=0000
/usr/share/cc65/lib/atari.lib(cputc.o):
    CODE              Offs=000A23  Size=000068  Align=00001  Fill=0000
/usr/share/cc65/lib/atari.lib(cputhex.o):
    CODE              Offs=000A8B  Size=00001C  Align=00001  Fill=0000
/usr/share/cc65/lib/atari.lib(cputs.o):
    CODE              Offs=000AA7  Size=000023  Align=00001  Fill=0000
/usr/share/cc65/lib/atari.lib(crt0.o):
    BSS               Offs=000038  Size=000005  Align=00001  Fill=0000
    STARTUP           Offs=000000  Size=000063  Align=00001  Fill=0000
/usr/share/cc65/lib/atari.lib(ctype.o):
    RODATA            Offs=000273  Size=000100  Align=00001  Fill=0000
/usr/share/cc65/lib/atari.lib(cursor.o):
    CODE              Offs=000ACA  Size=00000A  Align=00001  Fill=0000
/usr/share/cc65/lib/atari.lib(cvline.o):
    CODE              Offs=000AD4  Size=00001F  Align=00001  Fill=0000
/usr/share/cc65/lib/atari.lib(dbg.o):
    CODE              Offs=000AF3  Size=0010F3  Align=00001  Fill=0000
    RODATA            Offs=000373  Size=000332  Align=00001  Fill=0000
    BSS               Offs=00003D  Size=00003A  Align=00001  Fill=0000
    DATA              Offs=000057  Size=000006  Align=00001  Fill=0000
/usr/share/cc65/lib/atari.lib(dbgdasm.o):
    CODE              Offs=001BE6  Size=000164  Align=00001  Fill=0000
/usr/share/cc65/lib/atari.lib(dbgdump.o):
    CODE              Offs=001D4A  Size=00006C  Align=00001  Fill=0000
/usr/share/cc65/lib/atari.lib(dbgisram.o):
    CODE              Offs=001DB6  Size=00002B  Align=00001  Fill=0000
    RODATA            Offs=0006A5  Size=000004  Align=00001  Fill=0000
/usr/share/cc65/lib/atari.lib(dbgsupp.o):
    CODE              Offs=001DE1  Size=0000E9  Align=00001  Fill=0000
    BSS               Offs=000077  Size=000117  Align=00001  Fill=0000
/usr/share/cc65/lib/atari.lib(decax1.o):
    CODE              Offs=001ECA  Size=000007  Align=00001  Fill=0000
/usr/share/cc65/lib/atari.lib(decaxy.o):
    CODE              Offs=001ED1  Size=000009  Align=00001  Fill=0000
/usr/share/cc65/lib/atari.lib(decsp1.o):
    CODE              Offs=001EDA  Size=000009  Align=00001  Fill=0000
/usr/share/cc65/lib/atari.lib(decsp2.o):
    CODE              Offs=001EE3  Size=00000D  Align=00001  Fill=0000
/usr/share/cc65/lib/atari.lib(decsp3.o):
    CODE              Offs=001EF0  Size=00000D  Align=00001  Fill=0000
/usr/share/cc65/lib/atari.lib(decsp4.o):
    CODE              Offs=001EFD  Size=00000D  Align=00001  Fill=0000
/usr/share/cc65/lib/atari.lib(decsp6.o):
    CODE              Offs=001F0A  Size=00000D  Align=00001  Fill=0000
/usr/share/cc65/lib/atari.lib(decsp8.o):
    CODE              Offs=001F17  Size=00000D  Align=00001  Fill=0000
/usr/share/cc65/lib/atari.lib(do_oserr.o):
    CODE              Offs=001F24  Size=000004  Align=00001  Fill=0000
/usr/share/cc65/lib/atari.lib(doesclrscr.o):
    CODE              Offs=001F28  Size=000006  Align=00001  Fill=0000
/usr/share/cc65/lib/atari.lib(dosdetect.o):
    DATA              Offs=00005D  Size=000001  Align=00001  Fill=0000
    ONCE              Offs=00001C  Size=00004B  Align=00001  Fill=0000
/usr/share/cc65/lib/atari.lib(errno.o):
    BSS               Offs=00018E  Size=000002  Align=00001  Fill=0000
/usr/share/cc65/lib/atari.lib(exehdr.o):
    EXEHDR            Offs=000000  Size=000002  Align=00001  Fill=0000
    MAINHDR           Offs=000000  Size=000004  Align=00001  Fill=0000
/usr/share/cc65/lib/atari.lib(exetrailer.o):
    AUTOSTRT          Offs=000000  Size=000006  Align=00001  Fill=0000
/usr/share/cc65/lib/atari.lib(fdtab.o):
    DATA              Offs=00005E  Size=00002C  Align=00001  Fill=0000
/usr/share/cc65/lib/atari.lib(fdtable.o):
    CODE              Offs=001F2E  Size=000183  Align=00001  Fill=0000
    BSS               Offs=000190  Size=000006  Align=00001  Fill=0000
/usr/share/cc65/lib/atari.lib(fdtoiocb.o):
    CODE              Offs=0020B1  Size=000022  Align=00001  Fill=0000
/usr/share/cc65/lib/atari.lib(findfreeiocb.o):
    CODE              Offs=0020D3  Size=000015  Align=00001  Fill=0000
/usr/share/cc65/lib/atari.lib(free.o):
    CODE              Offs=0020E8  Size=0001D3  Align=00001  Fill=0000
/usr/share/cc65/lib/atari.lib(getargs.o):
    ONCE              Offs=000067  Size=0000A0  Align=00001  Fill=0000
    INIT              Offs=000000  Size=000063  Align=00001  Fill=0000
/usr/share/cc65/lib/atari.lib(getdefdev.o):
    CODE              Offs=0022BB  Size=000064  Align=00001  Fill=0000
    DATA              Offs=00008A  Size=000007  Align=00001  Fill=0000
/usr/share/cc65/lib/atari.lib(getfd.o):
    CODE              Offs=00231F  Size=000029  Align=00001  Fill=0000
/usr/share/cc65/lib/atari.lib(gotoxy.o):
    CODE              Offs=002348  Size=000011  Align=00001  Fill=0000
/usr/share/cc65/lib/atari.lib(icmp.o):
    CODE              Offs=002359  Size=00002E  Align=00001  Fill=0000
/usr/share/cc65/lib/atari.lib(incax1.o):
    CODE              Offs=002387  Size=000007  Align=00001  Fill=0000
/usr/share/cc65/lib/atari.lib(incax2.o):
    CODE              Offs=00238E  Size=000007  Align=00001  Fill=0000
/usr/share/cc65/lib/atari.lib(incsp1.o):
    CODE              Offs=002395  Size=000007  Align=00001  Fill=0000
/usr/share/cc65/lib/atari.lib(incsp2.o):
    CODE              Offs=00239C  Size=000016  Align=00001  Fill=0000
/usr/share/cc65/lib/atari.lib(incsp3.o):
    CODE              Offs=0023B2  Size=000005  Align=00001  Fill=0000
/usr/share/cc65/lib/atari.lib(incsp4.o):
    CODE              Offs=0023B7  Size=000005  Align=00001  Fill=0000
/usr/share/cc65/lib/atari.lib(incsp6.o):
    CODE              Offs=0023BC  Size=000005  Align=00001  Fill=0000
/usr/share/cc65/lib/atari.lib(inviocb.o):
    CODE              Offs=0023C1  Size=000005  Align=00001  Fill=0000
/usr/share/cc65/lib/atari.lib(irq.o):
    CODE              Offs=0023C6  Size=00000B  Align=00001  Fill=0000
    ONCE              Offs=000107  Size=00001A  Align=00001  Fill=0000
    LOWCODE           Offs=000000  Size=000014  Align=00001  Fill=0000
    LOWBSS            Offs=000000  Size=000003  Align=00001  Fill=0000
/usr/share/cc65/lib/atari.lib(is_cmdline_dos.o):
    CODE              Offs=0023D1  Size=000009  Align=00001  Fill=0000
/usr/share/cc65/lib/atari.lib(isalnum.o):
    CODE              Offs=0023DA  Size=00000F  Align=00001  Fill=0000
/usr/share/cc65/lib/atari.lib(isdigit.o):
    CODE              Offs=0023E9  Size=00000F  Align=00001  Fill=0000
/usr/share/cc65/lib/atari.lib(isxdigit.o):
    CODE              Offs=0023F8  Size=00000F  Align=00001  Fill=0000
/usr/share/cc65/lib/atari.lib(kbhit.o):
    CODE              Offs=002407  Size=00000B  Align=00001  Fill=0000
/usr/share/cc65/lib/atari.lib(ldai.o):
    CODE              Offs=002412  Size=00000C  Align=00001  Fill=0000
/usr/share/cc65/lib/atari.lib(ldaxi.o):
    CODE              Offs=00241E  Size=00000D  Align=00001  Fill=0000
/usr/share/cc65/lib/atari.lib(ldaxsp.o):
    CODE              Offs=00242B  Size=000009  Align=00001  Fill=0000
/usr/share/cc65/lib/atari.lib(leaaxsp.o):
    CODE              Offs=002434  Size=00000C  Align=00001  Fill=0000
/usr/share/cc65/lib/atari.lib(lneg.o):
    CODE              Offs=002440  Size=00001E  Align=00001  Fill=0000
/usr/share/cc65/lib/atari.lib(lpush.o):
    CODE              Offs=00245E  Size=000021  Align=00001  Fill=0000
/usr/share/cc65/lib/atari.lib(ltoa.o):
    CODE              Offs=00247F  Size=000095  Align=00001  Fill=0000
/usr/share/cc65/lib/atari.lib(makebool.o):
    CODE              Offs=002514  Size=00002C  Align=00001  Fill=0000
/usr/share/cc65/lib/atari.lib(malloc.o):
    CODE              Offs=002540  Size=00010E  Align=00001  Fill=0000
/usr/share/cc65/lib/atari.lib(mcbdefault.o):
/usr/share/cc65/lib/atari.lib(mcbpm-shape.o):
    RODATA            Offs=0006A9  Size=000007  Align=00001  Fill=0000
/usr/share/cc65/lib/atari.lib(mcbpm.o):
    CODE              Offs=00264E  Size=000068  Align=00001  Fill=0000
    RODATA            Offs=0006B0  Size=00000C  Align=00001  Fill=0000
    BSS               Offs=000196  Size=000002  Align=00001  Fill=0000
    EXTZP             Offs=000000  Size=000002  Align=00001  Fill=0000
    ONCE              Offs=000121  Size=00001E  Align=00001  Fill=0000
/usr/share/cc65/lib/atari.lib(memset.o):
    CODE              Offs=0026B6  Size=00005D  Align=00001  Fill=0000
/usr/share/cc65/lib/atari.lib(modfree.o):
/usr/share/cc65/lib/atari.lib(modload.o):
    CODE              Offs=002713  Size=000205  Align=00001  Fill=0000
    RODATA            Offs=0006BC  Size=000008  Align=00001  Fill=0000
    BSS               Offs=000198  Size=000023  Align=00001  Fill=0000
    DATA              Offs=000091  Size=000003  Align=00001  Fill=0000
/usr/share/cc65/lib/atari.lib(mouse-kernel.o):
    CODE              Offs=002918  Size=0000A2  Align=00001  Fill=0000
    RODATA            Offs=0006C4  Size=000004  Align=00001  Fill=0000
    BSS               Offs=0001BB  Size=000003  Align=00001  Fill=0000
    DATA              Offs=000094  Size=000025  Align=00001  Fill=0000
/usr/share/cc65/lib/atari.lib(mouse_getbox.o):
/usr/share/cc65/lib/atari.lib(mouse_geterrormsg.o):
    CODE              Offs=0029BA  Size=000013  Align=00001  Fill=0000
    RODATA            Offs=0006C8  Size=000080  Align=00001  Fill=0000
/usr/share/cc65/lib/atari.lib(mouse_hide.o):
    CODE              Offs=0029CD  Size=00000C  Align=00001  Fill=0000
/usr/share/cc65/lib/atari.lib(mouse_info.o):
    CODE              Offs=0029D9  Size=000007  Align=00001  Fill=0000
/usr/share/cc65/lib/atari.lib(mouse_load.o):
    CODE              Offs=0029E0  Size=00005A  Align=00001  Fill=0000
    DATA              Offs=0000B9  Size=00000A  Align=00001  Fill=0000
/usr/share/cc65/lib/atari.lib(mouse_setbox.o):
/usr/share/cc65/lib/atari.lib(mouse_show.o):
    CODE              Offs=002A3A  Size=00000E  Align=00001  Fill=0000
/usr/share/cc65/lib/atari.lib(mouse_stddrv.o):
    RODATA            Offs=000748  Size=00000A  Align=00001  Fill=0000
/usr/share/cc65/lib/atari.lib(mouse_unload.o):
    CODE              Offs=002A48  Size=00001E  Align=00001  Fill=0000
/usr/share/cc65/lib/atari.lib(mouseref.o):
/usr/share/cc65/lib/atari.lib(mul40.o):
    CODE              Offs=002A66  Size=000021  Align=00001  Fill=0000
/usr/share/cc65/lib/atari.lib(mulax3.o):
    CODE              Offs=002A87  Size=000011  Align=00001  Fill=0000
/usr/share/cc65/lib/atari.lib(open.o):
    CODE              Offs=002A98  Size=0000C0  Align=00001  Fill=0000
/usr/share/cc65/lib/atari.lib(oserror.o):
    CODE              Offs=002B58  Size=00001A  Align=00001  Fill=0000
    RODATA            Offs=000752  Size=000038  Align=00001  Fill=0000
/usr/share/cc65/lib/atari.lib(popa.o):
    CODE              Offs=002B72  Size=00000C  Align=00001  Fill=0000
/usr/share/cc65/lib/atari.lib(popptr1.o):
    CODE              Offs=002B7E  Size=00000E  Align=00001  Fill=0000
/usr/share/cc65/lib/atari.lib(popsreg.o):
    CODE              Offs=002B8C  Size=000010  Align=00001  Fill=0000
/usr/share/cc65/lib/atari.lib(push1.o):
    CODE              Offs=002B9C  Size=000005  Align=00001  Fill=0000
/usr/share/cc65/lib/atari.lib(pusha.o):
    CODE              Offs=002BA1  Size=000016  Align=00001  Fill=0000
/usr/share/cc65/lib/atari.lib(pushax.o):
    CODE              Offs=002BB7  Size=00001A  Align=00001  Fill=0000
/usr/share/cc65/lib/atari.lib(pushw.o):
    CODE              Offs=002BD1  Size=00000F  Align=00001  Fill=0000
/usr/share/cc65/lib/atari.lib(pushwsp.o):
    CODE              Offs=002BE0  Size=00001C  Align=00001  Fill=0000
/usr/share/cc65/lib/atari.lib(read.o):
    CODE              Offs=002BFC  Size=0000DA  Align=00001  Fill=0000
    BSS               Offs=0001BE  Size=000051  Align=00001  Fill=0000
    EXTZP             Offs=000002  Size=000005  Align=00001  Fill=0000
/usr/share/cc65/lib/atari.lib(regswap2.o):
    CODE              Offs=002CD6  Size=000016  Align=00001  Fill=0000
/usr/share/cc65/lib/atari.lib(return0.o):
    CODE              Offs=002CEC  Size=000004  Align=00001  Fill=0000
/usr/share/cc65/lib/atari.lib(return1.o):
    CODE              Offs=002CF0  Size=000005  Align=00001  Fill=0000
/usr/share/cc65/lib/atari.lib(revers.o):
    CODE              Offs=002CF5  Size=000016  Align=00001  Fill=0000
    BSS               Offs=00020F  Size=000001  Align=00001  Fill=0000
/usr/share/cc65/lib/atari.lib(rwcommon.o):
    CODE              Offs=002D0B  Size=00002D  Align=00001  Fill=0000
/usr/share/cc65/lib/atari.lib(scrsize.o):
    CODE              Offs=002D38  Size=000013  Align=00001  Fill=0000
/usr/share/cc65/lib/atari.lib(setcursor.o):
    CODE              Offs=002D4B  Size=00003A  Align=00001  Fill=0000
/usr/share/cc65/lib/atari.lib(staxsp.o):
    CODE              Offs=002D85  Size=00000B  Align=00001  Fill=0000
/usr/share/cc65/lib/atari.lib(strlen.o):
    CODE              Offs=002D90  Size=000016  Align=00001  Fill=0000
/usr/share/cc65/lib/atari.lib(strlower.o):
    CODE              Offs=002DA6  Size=000028  Align=00001  Fill=0000
/usr/share/cc65/lib/atari.lib(sub.o):
    CODE              Offs=002DCE  Size=000015  Align=00001  Fill=0000
/usr/share/cc65/lib/atari.lib(subysp.o):
    CODE              Offs=002DE3  Size=00000D  Align=00001  Fill=0000
/usr/share/cc65/lib/atari.lib(system_check.o):
    SYSCHK            Offs=000000  Size=0000F6  Align=00001  Fill=0000
/usr/share/cc65/lib/atari.lib(system_check_hdr.o):
    SYSCHKHDR         Offs=000000  Size=000004  Align=00001  Fill=0000
/usr/share/cc65/lib/atari.lib(system_check_trailer.o):
    SYSCHKTRL         Offs=000000  Size=000006  Align=00001  Fill=0000
/usr/share/cc65/lib/atari.lib(tolower.o):
    CODE              Offs=002DF0  Size=000010  Align=00001  Fill=0000
/usr/share/cc65/lib/atari.lib(toupper.o):
    CODE              Offs=002E00  Size=000010  Align=00001  Fill=0000
/usr/share/cc65/lib/atari.lib(ucase_fn.o):
    CODE              Offs=002E10  Size=00005A  Align=00001  Fill=0000
/usr/share/cc65/lib/atari.lib(vcprintf.o):
    CODE              Offs=002E6A  Size=00007A  Align=00001  Fill=0000
    DATA              Offs=0000C3  Size=000008  Align=00001  Fill=0000
/usr/share/cc65/lib/atari.lib(wherex.o):
    CODE              Offs=002EE4  Size=000005  Align=00001  Fill=0000
/usr/share/cc65/lib/atari.lib(zerobss.o):
    CODE              Offs=002EE9  Size=000023  Align=00001  Fill=0000
/usr/share/cc65/lib/atari.lib(zeropage.o):
    ZEROPAGE          Offs=000000  Size=00001A  Align=00001  Fill=0000


Segment list:
-------------
Name                   Start     End    Size  Align
----------------------------------------------------
AUTOSTRT              000000  000005  000006  00001
EXEHDR                000000  000001  000002  00001
MAINHDR               000000  000003  000004  00001
SYSCHKHDR             000000  000003  000004  00001
SYSCHKTRL             000000  000005  000006  00001
ZEROPAGE              000082  00009B  00001A  00001
EXTZP                 00009C  0000A2  000007  00001
STARTUP               002000  002062  000063  00001
LOWBSS                002063  002065  000003  00001
LOWCODE               002066  002079  000014  00001
ONCE                  00207A  0021C4  00014B  00001
CODE                  0021C5  0050D0  002F0C  00001
SYSCHK                002E00  002EF5  0000F6  00001
RODATA                0050D1  005864  000794  00001
DATA                  005865  00592F  0000CB  00001
INIT                  005930  005992  000063  00001
BSS                   005993  005BA2  000210  00001


Exports list by name:
---------------------
AdrFlagTab                0052AA RLA    MnemoTab1                 0052C4 RLA    
MnemoTab2                 005304 RLA    OffsetTab                 005266 RLA    
SymbolTab1                0052B8 RLA    SymbolTab2                0052BE RLA    
_DbgBreaks                0059D9 RLA    _DbgCS                    005B0A RLA    
_DbgDisAsm                003DAB RLA    _DbgDisAsmLen             003DDA RLA    
_DbgEntry                 003C41 RLA    _DbgGetBreakSlot          00403A RLA    
_DbgHI                    005B0C RLA    _DbgInit                  003FA6 RLA    
_DbgIsBreak               00405B RLA    _DbgIsRAM                 003F7B RLA    
_DbgMemDump               003F0F RLA    _DbgSP                    005B1E RLA    
__AUTOSTART__             000001 REA    __BSS_LOAD__              005993 RLA    
__BSS_RUN__               005993 RLA    __BSS_SIZE__              000210 REA    
__CALLIRQ__               000001 REA    __CONSTRUCTOR_COUNT__     000006 REA    
__CONSTRUCTOR_TABLE__     0021B9 RLA    __DESTRUCTOR_COUNT__      000004 REA    
__DESTRUCTOR_TABLE__      00585B RLA    __EXEHDR__                000001 REA    
__INTERRUPTOR_COUNT__     000001 REA    __INTERRUPTOR_TABLE__     005863 RLA    
__LOWCODE_RUN__           002066 RLA    __LOWCODE_SIZE__          000014 REA    
__MAIN_START__            002000 RLA    __RESERVED_MEMORY__       000000 REA    
__STACKSIZE__             000800 REA    __STARTADDRESS__          002000 REA    
__STARTUP__               000001 REA    __SYSCHKHDR__             000001 REA    
__SYSCHKTRL__             000001 REA    __SYSCHK_END__            002EF6 RLA    
__SYSCHK_LOAD__           002E00 RLA    __SYSTEM_CHECK__          002E47 REA    
__ZP_START__              000082 RLA    __argc                    005893 RLA    
__argv                    005895 RLA    __ctype                   005344 RLA    
__defdev                  0058F2 RLA    __directerrno             002639 RLA    
__do_oserror              0040E9 RLA    __dos_type                0058C2 RLA    
__errno                   005B21 RLA    __getdefdev               004480  LAI   
__heapend                 005869 RLA    __heapfirst               00586B RLA    
__heaplast                00586D RLA    __heapptr                 005867 RLA    
__hextab                  00524A RLA    __inviocb                 004586 RLA    
__is_cmdline_dos          004596 RLA    __longminstr              00525A RLA    
__mappederrno             002643 RLA    __oserror                 005996 RLA    
__osmaperrno              004D1D RLA    __printf                  002746 RLA    
__rwsetup                 004ED0 RLA    __seterrno                0029FE RLA    
_bgcolor                  002A76 RLA    _bordercolor              002A8E RLA    
_brk_a                    0059C2 RLA    _brk_pc                   0059C6 RLA    
_brk_sr                   0059C5 RLA    _brk_x                    0059C3 RLA    
_brk_y                    0059C4 RLA    _bzero                    00487B RLA    
_cclearxy                 002B28 RLA    _cgetc                    002B3D RLA    
_chline                   002B58 RLA    _chlinexy                 002B53 RLA    
_close                    002B6A RLA    _clrscr                   002B88 RLA    
_cprintf                  002BBE RLA    _cputc                    002BED RLA    
_cputcxy                  002BE8 RLA    _cputhex16                002C50 RLA    
_cputhex8                 002C56 RLA    _cputs                    002C76 RLA    
_cputsxy                  002C6C RLA    _cursor                   002C8F RLA    
_cvlinexy                 002C99 RLA    _doesclrscrafterexit      0040ED RLA    
_exit                     002041 RLA    _free                     0042AD RLA    
_gotoxy                   004510 RLA    _isalnum                  00459F RLA    
_isdigit                  0045AE RLA    _isxdigit                 0045BD RLA    
_kbhit                    0045CC RLA    _ltoa                     00465C RLA    
_main                     00228F RLA    _malloc                   004705 RLA    
_mod_free                 0042AD REA    _mod_load                 0049B3 RLA    
_mouse_clear_ptr          004B75 RLA    _mouse_def_callbacks      005781 RLA    
_mouse_drv                005B4E RLA    _mouse_getbox             005908 RLA    
_mouse_geterrormsg        004B7F RLA    _mouse_hidden             005B50 RLA    
_mouse_hide               004B92 RLA    _mouse_info               004B9E RLA    
_mouse_install            004ADD RLA    _mouse_load_driver        004BA5 RLA    
_mouse_pm_callbacks       005781 RLA    _mouse_setbox             005905 RLA    
_mouse_show               004BFF RLA    _mouse_stddrv             005819 RLA    
_mouse_uninstall          004B67 RLA    _mouse_unload             004C0D RLA    
_mul40                    004C2B RLA    _open                     004C5D RLA    
_read                     004DC1 RLA    _reset_brk                002ABD  LAI   
_revers                   004EBA RLA    _revflag                  005BA2 RLA    
_screensize               004EFD RLA    _set_brk                  002A98 RLA    
_strlen                   004F55 RLA    _strlower                 004F6B RLA    
_tolower                  004FB5 RLA    _toupper                  004FC5 RLA    
_ultoa                    00469D RLA    _vcprintf                 005079 RLA    
_wherex                   0050A9 RLA    addeq0sp                  002A23 RLA    
addeqysp                  002A25 RLA    addysp                    002A35 RLA    
addysp1                   002A34 RLA    aslax1                    002A42 RLA    
axlong                    002A69 RLA    axulong                   002A6F RLA    
booleq                    0046DF RLA    callax                    002B0A RLA    
callirq                   005875 RLA    callmain                  002B11 RLA    
closeallfiles             004D0E  LAI   clriocb                   00413A RLA    
cputdirect                002C0B RLA    cursor                    005995 RLA    
decax1                    00408F RLA    decaxy                    004096 RLA    
decsp1                    00409F RLA    decsp2                    0040A8 RLA    
decsp3                    0040B5 RLA    decsp4                    0040C2 RLA    
decsp6                    0040CF RLA    decsp8                    0040DC RLA    
detect                    002096  LAI   doneirq                   00458B RLA    
donelib                   002BB2 RLA    fd_index                  0058C3 RLA    
fd_table                  0058CF RLA    fddecusage                004147 RLA    
fdt_to_fdi                0044E4 RLA    fdtoiocb                  004276 RLA    
fdtoiocb_down             0040F3 RLA    findfreeiocb              004298 RLA    
gotoxy                    00450D RLA    incax1                    00454C RLA    
incax2                    004553 RLA    incsp1                    00455A RLA    
incsp2                    004569 RLA    incsp3                    004577 RLA    
incsp4                    00457C RLA    incsp6                    004581 RLA    
initheap                  00207A  LAI   initirq                   002181 RLA    
initlib                   00208A RLA    initmainargs              0020E2 RLAI   
irq_done                  00458B  LAI   irq_init                  002181  LAI   
ldaidx                    0045D7 RLA    ldax0sp                   0045F0 RLA    
ldaxi                     0045E3 RLA    ldaxidx                   0045E5 RLA    
ldaxysp                   0045F2 RLA    leaa0sp                   0045F9 RLA    
mouse_getbox              005908 RLA    mouse_hide                0058FF RLA    
mouse_info                005914 RLA    mouse_irq                 00591A  LAI   
mouse_libref              002041 RLA    mouse_pm_bits             00577A RLA    
mouse_pm_height           000007 REZ    mouse_pm_hotspot_x        000000 REZ    
mouse_pm_hotspot_y        000000 REZ    mouse_setbox              005905 RLA    
mouse_show                005902 RLA    mulax3                    004C4C RLA    
negeax                    004605 RLA    newfd                     004175 RLA    
pm_down                   004813  EAI   pm_init                   00219B  LAI   
popa                      004D37 RLA    popax                     004561 RLA    
popptr1                   004D43 RLA    popsreg                   004D51 RLA    
ptr1                      00008A RLZ    ptr2                      00008C RLZ    
ptr3                      00008E RLZ    ptr4                      000090 RLZ    
push1                     004D61 RLA    pusha                     004D6A RLA    
pusha0                    004D7E RLA    pushax                    004D80 RLA    
pusheax                   00462C RLA    pushw                     004D96 RLA    
pushw0sp                  004DA5 RLA    pushwysp                  004DA7 RLA    
putchar                   002C2E RLA    regbank                   000096 RLZ    
regswap2                  004E9B RLA    return0                   004EB1 RLA    
return1                   004EB5 RLA    screensize                0029F8 RLA    
setcursor                 004F10 RLA    shlax3                    002A4A RLA    
shlax4                    002A58 RLA    sp                        000082 RLZ    
sreg                      000084 RLZ    start                     002001 RLA    
stax0sp                   004F4A RLA    staxysp                   004F4C RLA    
subysp                    004FA8 RLA    tmp1                      000092 RLZ    
tmp2                      000093 RLZ    tmp3                      000094 RLZ    
tmp4                      000095 RLZ    tosadda0                  002A07 RLA    
tosaddax                  002A09 RLA    tosicmp                   004520 RLA    
tosicmp0                  00451E RLA    tossubax                  004F95 RLA    
ucase_fn                  004FD5 RLA    zerobss                   0050AE RLA    



Exports list by value:
----------------------
__RESERVED_MEMORY__       000000 REA    mouse_pm_hotspot_x        000000 REZ    
mouse_pm_hotspot_y        000000 REZ    __AUTOSTART__             000001 REA    
__CALLIRQ__               000001 REA    __EXEHDR__                000001 REA    
__INTERRUPTOR_COUNT__     000001 REA    __STARTUP__               000001 REA    
__SYSCHKHDR__             000001 REA    __SYSCHKTRL__             000001 REA    
__DESTRUCTOR_COUNT__      000004 REA    __CONSTRUCTOR_COUNT__     000006 REA    
mouse_pm_height           000007 REZ    __LOWCODE_SIZE__          000014 REA    
__ZP_START__              000082 RLA    sp                        000082 RLZ    
sreg                      000084 RLZ    ptr1                      00008A RLZ    
ptr2                      00008C RLZ    ptr3                      00008E RLZ    
ptr4                      000090 RLZ    tmp1                      000092 RLZ    
tmp2                      000093 RLZ    tmp3                      000094 RLZ    
tmp4                      000095 RLZ    regbank                   000096 RLZ    
__BSS_SIZE__              000210 REA    __STACKSIZE__             000800 REA    
__MAIN_START__            002000 RLA    __STARTADDRESS__          002000 REA    
start                     002001 RLA    _exit                     002041 RLA    
mouse_libref              002041 RLA    __LOWCODE_RUN__           002066 RLA    
initheap                  00207A  LAI   initlib                   00208A RLA    
detect                    002096  LAI   initmainargs              0020E2 RLAI   
initirq                   002181 RLA    irq_init                  002181  LAI   
pm_init                   00219B  LAI   __CONSTRUCTOR_TABLE__     0021B9 RLA    
_main                     00228F RLA    __directerrno             002639 RLA    
__mappederrno             002643 RLA    __printf                  002746 RLA    
screensize                0029F8 RLA    __seterrno                0029FE RLA    
tosadda0                  002A07 RLA    tosaddax                  002A09 RLA    
addeq0sp                  002A23 RLA    addeqysp                  002A25 RLA    
addysp1                   002A34 RLA    addysp                    002A35 RLA    
aslax1                    002A42 RLA    shlax3                    002A4A RLA    
shlax4                    002A58 RLA    axlong                    002A69 RLA    
axulong                   002A6F RLA    _bgcolor                  002A76 RLA    
_bordercolor              002A8E RLA    _set_brk                  002A98 RLA    
_reset_brk                002ABD  LAI   callax                    002B0A RLA    
callmain                  002B11 RLA    _cclearxy                 002B28 RLA    
_cgetc                    002B3D RLA    _chlinexy                 002B53 RLA    
_chline                   002B58 RLA    _close                    002B6A RLA    
_clrscr                   002B88 RLA    donelib                   002BB2 RLA    
_cprintf                  002BBE RLA    _cputcxy                  002BE8 RLA    
_cputc                    002BED RLA    cputdirect                002C0B RLA    
putchar                   002C2E RLA    _cputhex16                002C50 RLA    
_cputhex8                 002C56 RLA    _cputsxy                  002C6C RLA    
_cputs                    002C76 RLA    _cursor                   002C8F RLA    
_cvlinexy                 002C99 RLA    __SYSCHK_LOAD__           002E00 RLA    
__SYSTEM_CHECK__          002E47 REA    __SYSCHK_END__            002EF6 RLA    
_DbgEntry                 003C41 RLA    _DbgDisAsm                003DAB RLA    
_DbgDisAsmLen             003DDA RLA    _DbgMemDump               003F0F RLA    
_DbgIsRAM                 003F7B RLA    _DbgInit                  003FA6 RLA    
_DbgGetBreakSlot          00403A RLA    _DbgIsBreak               00405B RLA    
decax1                    00408F RLA    decaxy                    004096 RLA    
decsp1                    00409F RLA    decsp2                    0040A8 RLA    
decsp3                    0040B5 RLA    decsp4                    0040C2 RLA    
decsp6                    0040CF RLA    decsp8                    0040DC RLA    
__do_oserror              0040E9 RLA    _doesclrscrafterexit      0040ED RLA    
fdtoiocb_down             0040F3 RLA    clriocb                   00413A RLA    
fddecusage                004147 RLA    newfd                     004175 RLA    
fdtoiocb                  004276 RLA    findfreeiocb              004298 RLA    
_free                     0042AD RLA    _mod_free                 0042AD REA    
__getdefdev               004480  LAI   fdt_to_fdi                0044E4 RLA    
gotoxy                    00450D RLA    _gotoxy                   004510 RLA    
tosicmp0                  00451E RLA    tosicmp                   004520 RLA    
incax1                    00454C RLA    incax2                    004553 RLA    
incsp1                    00455A RLA    popax                     004561 RLA    
incsp2                    004569 RLA    incsp3                    004577 RLA    
incsp4                    00457C RLA    incsp6                    004581 RLA    
__inviocb                 004586 RLA    doneirq                   00458B RLA    
irq_done                  00458B  LAI   __is_cmdline_dos          004596 RLA    
_isalnum                  00459F RLA    _isdigit                  0045AE RLA    
_isxdigit                 0045BD RLA    _kbhit                    0045CC RLA    
ldaidx                    0045D7 RLA    ldaxi                     0045E3 RLA    
ldaxidx                   0045E5 RLA    ldax0sp                   0045F0 RLA    
ldaxysp                   0045F2 RLA    leaa0sp                   0045F9 RLA    
negeax                    004605 RLA    pusheax                   00462C RLA    
_ltoa                     00465C RLA    _ultoa                    00469D RLA    
booleq                    0046DF RLA    _malloc                   004705 RLA    
pm_down                   004813  EAI   _bzero                    00487B RLA    
_mod_load                 0049B3 RLA    _mouse_install            004ADD RLA    
_mouse_uninstall          004B67 RLA    _mouse_clear_ptr          004B75 RLA    
_mouse_geterrormsg        004B7F RLA    _mouse_hide               004B92 RLA    
_mouse_info               004B9E RLA    _mouse_load_driver        004BA5 RLA    
_mouse_show               004BFF RLA    _mouse_unload             004C0D RLA    
_mul40                    004C2B RLA    mulax3                    004C4C RLA    
_open                     004C5D RLA    closeallfiles             004D0E  LAI   
__osmaperrno              004D1D RLA    popa                      004D37 RLA    
popptr1                   004D43 RLA    popsreg                   004D51 RLA    
push1                     004D61 RLA    pusha                     004D6A RLA    
pusha0                    004D7E RLA    pushax                    004D80 RLA    
pushw                     004D96 RLA    pushw0sp                  004DA5 RLA    
pushwysp                  004DA7 RLA    _read                     004DC1 RLA    
regswap2                  004E9B RLA    return0                   004EB1 RLA    
return1                   004EB5 RLA    _revers                   004EBA RLA    
__rwsetup                 004ED0 RLA    _screensize               004EFD RLA    
setcursor                 004F10 RLA    stax0sp                   004F4A RLA    
staxysp                   004F4C RLA    _strlen                   004F55 RLA    
_strlower                 004F6B RLA    tossubax                  004F95 RLA    
subysp                    004FA8 RLA    _tolower                  004FB5 RLA    
_toupper                  004FC5 RLA    ucase_fn                  004FD5 RLA    
_vcprintf                 005079 RLA    _wherex                   0050A9 RLA    
zerobss                   0050AE RLA    __hextab                  00524A RLA    
__longminstr              00525A RLA    OffsetTab                 005266 RLA    
AdrFlagTab                0052AA RLA    SymbolTab1                0052B8 RLA    
SymbolTab2                0052BE RLA    MnemoTab1                 0052C4 RLA    
MnemoTab2                 005304 RLA    __ctype                   005344 RLA    
mouse_pm_bits             00577A RLA    _mouse_def_callbacks      005781 RLA    
_mouse_pm_callbacks       005781 RLA    _mouse_stddrv             005819 RLA    
__DESTRUCTOR_TABLE__      00585B RLA    __INTERRUPTOR_TABLE__     005863 RLA    
__heapptr                 005867 RLA    __heapend                 005869 RLA    
__heapfirst               00586B RLA    __heaplast                00586D RLA    
callirq                   005875 RLA    __argc                    005893 RLA    
__argv                    005895 RLA    __dos_type                0058C2 RLA    
fd_index                  0058C3 RLA    fd_table                  0058CF RLA    
__defdev                  0058F2 RLA    mouse_hide                0058FF RLA    
mouse_show                005902 RLA    _mouse_setbox             005905 RLA    
mouse_setbox              005905 RLA    _mouse_getbox             005908 RLA    
mouse_getbox              005908 RLA    mouse_info                005914 RLA    
mouse_irq                 00591A  LAI   __BSS_LOAD__              005993 RLA    
__BSS_RUN__               005993 RLA    cursor                    005995 RLA    
__oserror                 005996 RLA    _brk_a                    0059C2 RLA    
_brk_x                    0059C3 RLA    _brk_y                    0059C4 RLA    
_brk_sr                   0059C5 RLA    _brk_pc                   0059C6 RLA    
_DbgBreaks                0059D9 RLA    _DbgCS                    005B0A RLA    
_DbgHI                    005B0C RLA    _DbgSP                    005B1E RLA    
__errno                   005B21 RLA    _mouse_drv                005B4E RLA    
_mouse_hidden             005B50 RLA    _revflag                  005BA2 RLA    



Imports list:
-------------
AdrFlagTab (asmtab.o):
    dbgdasm.o                 dbg/dbgdasm.s(13)
MnemoTab1 (asmtab.o):
    dbgdasm.o                 dbg/dbgdasm.s(14)
MnemoTab2 (asmtab.o):
    dbgdasm.o                 dbg/dbgdasm.s(14)
OffsetTab (asmtab.o):
    dbgdasm.o                 dbg/dbgdasm.s(13)
SymbolTab1 (asmtab.o):
    dbgdasm.o                 dbg/dbgdasm.s(14)
SymbolTab2 (asmtab.o):
    dbgdasm.o                 dbg/dbgdasm.s(14)
_DbgBreaks (dbg.o):
    dbgsupp.o                 dbg/dbgsupp.s(10)
_DbgCS (dbgsupp.o):
    dbg.o                     ../libwrk/atari/dbg.s(47)
_DbgDisAsm (dbgdasm.o):
    dbg.o                     ../libwrk/atari/dbg.s(42)
_DbgDisAsmLen (dbgdasm.o):
    dbg.o                     ../libwrk/atari/dbg.s(43)
_DbgEntry (dbg.o):
    dbgsupp.o                 dbg/dbgsupp.s(9)
_DbgGetBreakSlot (dbgsupp.o):
    dbg.o                     ../libwrk/atari/dbg.s(51)
_DbgHI (dbgsupp.o):
    dbg.o                     ../libwrk/atari/dbg.s(48)
_DbgInit (dbgsupp.o):
    mousedemo.o               mousedemo.s(85)
_DbgIsBreak (dbgsupp.o):
    dbg.o                     ../libwrk/atari/dbg.s(52)
_DbgIsRAM (dbgisram.o):
    dbg.o                     ../libwrk/atari/dbg.s(44)
_DbgMemDump (dbgdump.o):
    dbg.o                     ../libwrk/atari/dbg.s(45)
_DbgSP (dbgsupp.o):
    dbg.o                     ../libwrk/atari/dbg.s(46)
__AUTOSTART__ (exetrailer.o):
    [linker generated]        /usr/share/cc65/cfg/atari.cfg(7)
__BSS_LOAD__ ([linker generated]):
    exehdr.o                  atari/exehdr.s(4)
__BSS_RUN__ ([linker generated]):
    _heap.o                   common/_heap.s(8)
    zerobss.o                 common/zerobss.s(8)
    system_check.o            atari/system_check.s(23)
__BSS_SIZE__ ([linker generated]):
    _heap.o                   common/_heap.s(8)
    zerobss.o                 common/zerobss.s(8)
    system_check.o            atari/system_check.s(23)
__CALLIRQ__ (callirq.o):
    mouse-kernel.o            mouse/mouse-kernel.s(38)
__CONSTRUCTOR_COUNT__ ([linker generated]):
    condes.o                  runtime/condes.s(18)
__CONSTRUCTOR_TABLE__ ([linker generated]):
    condes.o                  runtime/condes.s(18)
__DESTRUCTOR_COUNT__ ([linker generated]):
    condes.o                  runtime/condes.s(19)
__DESTRUCTOR_TABLE__ ([linker generated]):
    condes.o                  runtime/condes.s(19)
__EXEHDR__ (exehdr.o):
    [linker generated]        /usr/share/cc65/cfg/atari.cfg(5)
__INTERRUPTOR_COUNT__ ([linker generated]):
    callirq.o                 runtime/callirq.s(36)
__INTERRUPTOR_TABLE__ ([linker generated]):
    callirq.o                 runtime/callirq.s(36)
__LOWCODE_RUN__ ([linker generated]):
    crt0.o                    atari/crt0.s(18)
__LOWCODE_SIZE__ ([linker generated]):
    crt0.o                    atari/crt0.s(18)
__MAIN_START__ ([linker generated]):
    exehdr.o                  atari/exehdr.s(4)
__RESERVED_MEMORY__ ([linker generated]):
    system_check.o            atari/system_check.s(25)
    crt0.o                    atari/crt0.s(16)
    [linker generated]        /usr/share/cc65/cfg/atari.cfg(25)
__STACKSIZE__ ([linker generated]):
    _heap.o                   common/_heap.s(8)
    system_check.o            atari/system_check.s(24)
    [linker generated]        /usr/share/cc65/cfg/atari.cfg(25)
__STARTADDRESS__ ([linker generated]):
    system_check.o            atari/system_check.s(20)
__STARTUP__ (crt0.o):
    mousedemo.o               mousedemo.s(33)
__SYSCHKHDR__ (system_check_hdr.o):
    system_check.o            atari/system_check.s(28)
__SYSCHKTRL__ (system_check_trailer.o):
    system_check.o            atari/system_check.s(28)
__SYSCHK_END__ (system_check.o):
    system_check_hdr.o        atari/system_check_hdr.s(7)
__SYSCHK_LOAD__ ([linker generated]):
    system_check_hdr.o        atari/system_check_hdr.s(7)
__SYSTEM_CHECK__ (system_check.o):
    system_check_trailer.o    atari/system_check_trailer.s(7)
    [linker generated]        /usr/share/cc65/cfg/atari.cfg(6)
__ZP_START__ ([linker generated]):
    modload.o                 common/modload.s(42)
    dbgsupp.o                 dbg/dbgsupp.s(12)
__argc (callmain.o):
    getargs.o                 atari/getargs.s(17)
__argv (callmain.o):
    getargs.o                 atari/getargs.s(17)
__ctype (ctype.o):
    toupper.o                 common/toupper.s(8)
    strlower.o                common/strlower.s(13)
    isxdigit.o                /build/cc65-cMn3ks/cc65-2.18/asminc/ctype.inc(9)
    isdigit.o                 /build/cc65-cMn3ks/cc65-2.18/asminc/ctype.inc(9)
    isalnum.o                 /build/cc65-cMn3ks/cc65-2.18/asminc/ctype.inc(9)
    tolower.o                 common/tolower.s(8)
__defdev (getdefdev.o):
    ucase_fn.o                atari/ucase_fn.s(25)
__directerrno (_directerrno.o):
    inviocb.o                 /build/cc65-cMn3ks/cc65-2.18/asminc/errno.inc(10)
    open.o                    /build/cc65-cMn3ks/cc65-2.18/asminc/errno.inc(10)
__do_oserror (do_oserr.o):
    close.o                   atari/close.s(9)
    read.o                    atari/read.s(8)
__dos_type (dosdetect.o):
    getdefdev.o               atari/getdefdev.s(22)
    is_cmdline_dos.o          atari/is_cmdline_dos.s(10)
    getargs.o                 atari/getargs.s(19)
__errno (errno.o):
    _seterrno.o               /build/cc65-cMn3ks/cc65-2.18/asminc/errno.inc(7)
__heapend (_heap.o):
    malloc.o                  /build/cc65-cMn3ks/cc65-2.18/asminc/_heap.inc(33)
__heapfirst (_heap.o):
    malloc.o                  /build/cc65-cMn3ks/cc65-2.18/asminc/_heap.inc(34)
    free.o                    /build/cc65-cMn3ks/cc65-2.18/asminc/_heap.inc(34)
__heaplast (_heap.o):
    malloc.o                  /build/cc65-cMn3ks/cc65-2.18/asminc/_heap.inc(35)
    free.o                    /build/cc65-cMn3ks/cc65-2.18/asminc/_heap.inc(35)
__heapptr (_heap.o):
    malloc.o                  /build/cc65-cMn3ks/cc65-2.18/asminc/_heap.inc(32)
    free.o                    /build/cc65-cMn3ks/cc65-2.18/asminc/_heap.inc(32)
__hextab (_hextab.o):
    cputhex.o                 conio/cputhex.s(10)
    ltoa.o                    common/ltoa.s(10)
    dbgdump.o                 dbg/dbgdump.s(9)
    dbgdasm.o                 dbg/dbgdasm.s(13)
__inviocb (inviocb.o):
    close.o                   atari/close.s(10)
    read.o                    atari/read.s(8)
__is_cmdline_dos (is_cmdline_dos.o):
    doesclrscr.o              atari/doesclrscr.s(10)
__longminstr (_longminstr.o):
    ltoa.o                    common/ltoa.s(10)
__mappederrno (_mappederrno.o):
    do_oserr.o                /build/cc65-cMn3ks/cc65-2.18/asminc/errno.inc(10)
    open.o                    /build/cc65-cMn3ks/cc65-2.18/asminc/errno.inc(10)
__oserror (_oserror.o):
    close.o                   atari/close.s(9)
    _mappederrno.o            /build/cc65-cMn3ks/cc65-2.18/asminc/errno.inc(7)
    _directerrno.o            /build/cc65-cMn3ks/cc65-2.18/asminc/errno.inc(7)
    read.o                    atari/read.s(8)
    open.o                    /build/cc65-cMn3ks/cc65-2.18/asminc/errno.inc(7)
__osmaperrno (oserror.o):
    _mappederrno.o            /build/cc65-cMn3ks/cc65-2.18/asminc/errno.inc(8)
__printf (_printf.o):
    vcprintf.o                conio/vcprintf.s(9)
__rwsetup (rwcommon.o):
    read.o                    atari/read.s(8)
__seterrno (_seterrno.o):
    _mappederrno.o            /build/cc65-cMn3ks/cc65-2.18/asminc/errno.inc(9)
    _directerrno.o            /build/cc65-cMn3ks/cc65-2.18/asminc/errno.inc(9)
_bgcolor (bgcolor.o):
    dbg.o                     ../libwrk/atari/dbg.s(25)
    mousedemo.o               mousedemo.s(80)
_bordercolor (bordercolor.o):
    dbg.o                     ../libwrk/atari/dbg.s(26)
    mousedemo.o               mousedemo.s(81)
_brk_a (break.o):
    dbg.o                     ../libwrk/atari/dbg.s(37)
_brk_pc (break.o):
    dbg.o                     ../libwrk/atari/dbg.s(41)
_brk_sr (break.o):
    dbg.o                     ../libwrk/atari/dbg.s(40)
_brk_x (break.o):
    dbg.o                     ../libwrk/atari/dbg.s(38)
_brk_y (break.o):
    dbg.o                     ../libwrk/atari/dbg.s(39)
_bzero (memset.o):
    modload.o                 common/modload.s(41)
_cclearxy (cclear.o):
    dbg.o                     ../libwrk/atari/dbg.s(30)
    mousedemo.o               mousedemo.s(82)
_cgetc (cgetc.o):
    dbg.o                     ../libwrk/atari/dbg.s(22)
    mousedemo.o               mousedemo.s(78)
_chline (chline.o):
    dbg.o                     ../libwrk/atari/dbg.s(27)
_chlinexy (chline.o):
    dbg.o                     ../libwrk/atari/dbg.s(28)
_close (close.o):
    open.o                    atari/open.s(16)
    mouse_load.o              mouse/mouse_load.s(18)
_clrscr (clrscr.o):
    dbg.o                     ../libwrk/atari/dbg.s(15)
    mousedemo.o               mousedemo.s(72)
_cprintf (cprintf.o):
    mousedemo.o               mousedemo.s(77)
_cputc (cputc.o):
    cputhex.o                 conio/cputhex.s(9)
    dbg.o                     ../libwrk/atari/dbg.s(19)
    vcprintf.o                conio/vcprintf.s(9)
    cputs.o                   conio/cputs.s(9)
_cputcxy (cputc.o):
    dbg.o                     ../libwrk/atari/dbg.s(20)
_cputhex16 (cputhex.o):
    dbg.o                     ../libwrk/atari/dbg.s(32)
_cputhex8 (cputhex.o):
    dbg.o                     ../libwrk/atari/dbg.s(31)
_cputs (cputs.o):
    mousedemo.o               mousedemo.s(75)
_cputsxy (cputs.o):
    dbg.o                     ../libwrk/atari/dbg.s(21)
    mousedemo.o               mousedemo.s(76)
_cursor (cursor.o):
    dbg.o                     ../libwrk/atari/dbg.s(23)
    mousedemo.o               mousedemo.s(79)
_cvlinexy (cvline.o):
    dbg.o                     ../libwrk/atari/dbg.s(29)
_doesclrscrafterexit (doesclrscr.o):
    mousedemo.o               mousedemo.s(86)
_exit (crt0.o):
    mouseref.o                atari/mouseref.s(11)
    dbg.o                     ../libwrk/atari/dbg.s(13)
    mousedemo.o               mousedemo.s(61)
_free (free.o):
    modload.o                 common/modload.s(41)
    modfree.o                 common/modfree.s(36)
_gotoxy (gotoxy.o):
    dbg.o                     ../libwrk/atari/dbg.s(17)
    mousedemo.o               mousedemo.s(74)
_isalnum (isalnum.o):
    dbg.o                     ../libwrk/atari/dbg.s(33)
_isdigit (isdigit.o):
    dbg.o                     ../libwrk/atari/dbg.s(34)
_isxdigit (isxdigit.o):
    dbg.o                     ../libwrk/atari/dbg.s(35)
_kbhit (kbhit.o):
    dbg.o                     ../libwrk/atari/dbg.s(16)
    mousedemo.o               mousedemo.s(73)
_ltoa (ltoa.o):
    _printf.o                 common/_printf.s(12)
_main (mousedemo.o):
    callmain.o                runtime/callmain.s(11)
_malloc (malloc.o):
    modload.o                 common/modload.s(41)
_mod_free (modfree.o):
    mouse_unload.o            /build/cc65-cMn3ks/cc65-2.18/asminc/modload.inc(66)
    mouse_load.o              /build/cc65-cMn3ks/cc65-2.18/asminc/modload.inc(66)
_mod_load (modload.o):
    mouse_load.o              /build/cc65-cMn3ks/cc65-2.18/asminc/modload.inc(60)
_mouse_clear_ptr (mouse-kernel.o):
    mouse_load.o              /build/cc65-cMn3ks/cc65-2.18/asminc/mouse-kernel.inc(169)
_mouse_def_callbacks (mcbdefault.o):
    mousedemo.o               mousedemo.s(62)
_mouse_drv (mouse-kernel.o):
    mouse_unload.o            /build/cc65-cMn3ks/cc65-2.18/asminc/mouse-kernel.inc(148)
    mouse_load.o              /build/cc65-cMn3ks/cc65-2.18/asminc/mouse-kernel.inc(148)
_mouse_getbox (mouse_getbox.o):
    mousedemo.o               mousedemo.s(70)
_mouse_geterrormsg (mouse_geterrormsg.o):
    mousedemo.o               mousedemo.s(66)
_mouse_hidden (mouse-kernel.o):
    mouse_show.o              /build/cc65-cMn3ks/cc65-2.18/asminc/mouse-kernel.inc(149)
    mouse_hide.o              /build/cc65-cMn3ks/cc65-2.18/asminc/mouse-kernel.inc(149)
_mouse_hide (mouse_hide.o):
    mousedemo.o               mousedemo.s(67)
_mouse_info (mouse_info.o):
    mousedemo.o               mousedemo.s(71)
_mouse_install (mouse-kernel.o):
    mouse_load.o              /build/cc65-cMn3ks/cc65-2.18/asminc/mouse-kernel.inc(156)
_mouse_load_driver (mouse_load.o):
    mousedemo.o               mousedemo.s(64)
_mouse_pm_callbacks (mcbpm.o):
    mcbdefault.o              atari/mcbdefault.s(5)
_mouse_setbox (mouse_setbox.o):
    mousedemo.o               mousedemo.s(69)
_mouse_show (mouse_show.o):
    mousedemo.o               mousedemo.s(68)
_mouse_stddrv (mouse_stddrv.o):
    mousedemo.o               mousedemo.s(63)
_mouse_uninstall (mouse-kernel.o):
    mouse_unload.o            /build/cc65-cMn3ks/cc65-2.18/asminc/mouse-kernel.inc(157)
    mouse_load.o              /build/cc65-cMn3ks/cc65-2.18/asminc/mouse-kernel.inc(157)
_mouse_unload (mouse_unload.o):
    mousedemo.o               mousedemo.s(65)
_mul40 (mul40.o):
    setcursor.o               atari/setcursor.s(7)
    cputc.o                   atari/cputc.s(10)
_open (open.o):
    mouse_load.o              mouse/mouse_load.s(16)
_read (read.o):
    mouse_load.o              mouse/mouse_load.s(17)
_revers (revers.o):
    dbg.o                     ../libwrk/atari/dbg.s(24)
_revflag (revers.o):
    cputc.o                   atari/cputc.s(12)
_screensize (scrsize.o):
    mousedemo.o               mousedemo.s(83)
_set_brk (break.o):
    dbgsupp.o                 dbg/dbgsupp.s(9)
_strlen (strlen.o):
    dbg.o                     ../libwrk/atari/dbg.s(14)
    _printf.o                 common/_printf.s(13)
_strlower (strlower.o):
    _printf.o                 common/_printf.s(13)
_tolower (tolower.o):
    mousedemo.o               mousedemo.s(84)
_toupper (toupper.o):
    dbg.o                     ../libwrk/atari/dbg.s(36)
_ultoa (ltoa.o):
    _printf.o                 common/_printf.s(12)
_vcprintf (vcprintf.o):
    cprintf.o                 conio/cprintf.s(8)
_wherex (wherex.o):
    dbg.o                     ../libwrk/atari/dbg.s(18)
addeq0sp (addeqsp.o):
    dbg.o                     ../libwrk/atari/dbg.s(2864)
    dbg.o                     ../libwrk/atari/dbg.s(2864)
    dbg.o                     ../libwrk/atari/dbg.s(2864)
    dbg.o                     ../libwrk/atari/dbg.s(2864)
    dbg.o                     ../libwrk/atari/dbg.s(2864)
addeqysp (addeqsp.o):
    dbg.o                     ../libwrk/atari/dbg.s(2864)
    dbg.o                     ../libwrk/atari/dbg.s(2864)
    dbg.o                     ../libwrk/atari/dbg.s(2864)
    dbg.o                     ../libwrk/atari/dbg.s(2864)
    dbg.o                     ../libwrk/atari/dbg.s(2864)
addysp (addysp.o):
    incsp6.o                  runtime/incsp6.s(8)
    incsp4.o                  runtime/incsp4.s(8)
    dbg.o                     ../libwrk/atari/dbg.s(2864)
    dbg.o                     ../libwrk/atari/dbg.s(2864)
    dbg.o                     ../libwrk/atari/dbg.s(2864)
    dbg.o                     ../libwrk/atari/dbg.s(2864)
    dbg.o                     ../libwrk/atari/dbg.s(2864)
    dbg.o                     ../libwrk/atari/dbg.s(2864)
    ucase_fn.o                atari/ucase_fn.s(28)
    open.o                    atari/open.s(21)
    incsp3.o                  runtime/incsp3.s(8)
    cprintf.o                 conio/cprintf.s(8)
    mousedemo.o               mousedemo.s(1102)
addysp1 (addysp.o):
    sub.o                     runtime/sub.s(8)
    dbgdump.o                 dbg/dbgdump.s(8)
aslax1 (aslax1.o):
    dbg.o                     ../libwrk/atari/dbg.s(2864)
    dbg.o                     ../libwrk/atari/dbg.s(2864)
axlong (axlong.o):
    _printf.o                 common/_printf.s(11)
axulong (axlong.o):
    _printf.o                 common/_printf.s(11)
booleq (makebool.o):
    dbg.o                     ../libwrk/atari/dbg.s(2864)
callax (call.o):
    dbg.o                     ../libwrk/atari/dbg.s(2864)
callirq (callirq.o):
    irq.o                     atari/irq.s(6)
callmain (callmain.o):
    crt0.o                    atari/crt0.s(15)
clriocb (fdtable.o):
    open.o                    atari/open.s(17)
cputdirect (cputc.o):
    chline.o                  atari/chline.s(9)
    cclear.o                  atari/cclear.s(9)
cursor (_cursor.o):
    setcursor.o               atari/setcursor.s(7)
    cursor.o                  conio/cursor.s(8)
decax1 (decax1.o):
    modload.o                 common/modload.s(40)
decaxy (decaxy.o):
    dbg.o                     ../libwrk/atari/dbg.s(2864)
    dbg.o                     ../libwrk/atari/dbg.s(2864)
decsp1 (decsp1.o):
    dbg.o                     ../libwrk/atari/dbg.s(2864)
    dbg.o                     ../libwrk/atari/dbg.s(2864)
    dbg.o                     ../libwrk/atari/dbg.s(2864)
    dbg.o                     ../libwrk/atari/dbg.s(2864)
    dbg.o                     ../libwrk/atari/dbg.s(2864)
    dbg.o                     ../libwrk/atari/dbg.s(2864)
    dbg.o                     ../libwrk/atari/dbg.s(2864)
    dbg.o                     ../libwrk/atari/dbg.s(2864)
    dbg.o                     ../libwrk/atari/dbg.s(2864)
    dbg.o                     ../libwrk/atari/dbg.s(2864)
    dbg.o                     ../libwrk/atari/dbg.s(2864)
decsp2 (decsp2.o):
    dbg.o                     ../libwrk/atari/dbg.s(2864)
    mousedemo.o               mousedemo.s(1102)
    mousedemo.o               mousedemo.s(1102)
decsp3 (decsp3.o):
    dbg.o                     ../libwrk/atari/dbg.s(2864)
    dbg.o                     ../libwrk/atari/dbg.s(2864)
decsp4 (decsp4.o):
    lpush.o                   runtime/lpush.s(12)
decsp6 (decsp6.o):
    _printf.o                 common/_printf.s(11)
decsp8 (decsp8.o):
    dbg.o                     ../libwrk/atari/dbg.s(2864)
doneirq (irq.o):
    callirq.o                 runtime/callirq.s(38)
donelib (condes.o):
    crt0.o                    atari/crt0.s(14)
fd_index (fdtab.o):
    getfd.o                   atari/getfd.s(11)
    fdtoiocb.o                atari/fdtoiocb.s(10)
    fdtable.o                 atari/fdtable.s(10)
fd_table (fdtab.o):
    getfd.o                   atari/getfd.s(11)
    fdtoiocb.o                atari/fdtoiocb.s(10)
    fdtable.o                 atari/fdtable.s(10)
fddecusage (fdtable.o):
    open.o                    atari/open.s(18)
fdt_to_fdi (getfd.o):
    fdtable.o                 atari/fdtable.s(11)
fdtoiocb (fdtoiocb.o):
    rwcommon.o                atari/rwcommon.s(8)
fdtoiocb_down (fdtable.o):
    close.o                   atari/close.s(10)
findfreeiocb (findfreeiocb.o):
    open.o                    atari/open.s(19)
gotoxy (gotoxy.o):
    cvline.o                  atari/cvline.s(10)
    chline.o                  atari/chline.s(9)
    cputs.o                   conio/cputs.s(9)
    cputc.o                   atari/cputc.s(10)
    cclear.o                  atari/cclear.s(9)
incax1 (incax1.o):
    dbg.o                     ../libwrk/atari/dbg.s(2864)
    dbg.o                     ../libwrk/atari/dbg.s(2864)
    dbg.o                     ../libwrk/atari/dbg.s(2864)
    dbg.o                     ../libwrk/atari/dbg.s(2864)
incax2 (incax2.o):
    dbg.o                     ../libwrk/atari/dbg.s(2864)
    dbg.o                     ../libwrk/atari/dbg.s(2864)
incsp1 (incsp1.o):
    dbg.o                     ../libwrk/atari/dbg.s(2864)
    dbg.o                     ../libwrk/atari/dbg.s(2864)
    dbg.o                     ../libwrk/atari/dbg.s(2864)
    dbg.o                     ../libwrk/atari/dbg.s(2864)
incsp2 (incsp2.o):
    popsreg.o                 runtime/popsreg.s(8)
    mouse-kernel.o            mouse/mouse-kernel.s(7)
    dbg.o                     ../libwrk/atari/dbg.s(2864)
    dbg.o                     ../libwrk/atari/dbg.s(2864)
    dbg.o                     ../libwrk/atari/dbg.s(2864)
    dbg.o                     ../libwrk/atari/dbg.s(2864)
    dbg.o                     ../libwrk/atari/dbg.s(2864)
    popptr1.o                 runtime/popptr1.s(8)
    mouse_load.o              mouse/mouse_load.s(15)
    mousedemo.o               mousedemo.s(1102)
incsp3 (incsp3.o):
    dbg.o                     ../libwrk/atari/dbg.s(2864)
    dbg.o                     ../libwrk/atari/dbg.s(2864)
    dbg.o                     ../libwrk/atari/dbg.s(2864)
    dbg.o                     ../libwrk/atari/dbg.s(2864)
    dbg.o                     ../libwrk/atari/dbg.s(2864)
    dbg.o                     ../libwrk/atari/dbg.s(2864)
    dbg.o                     ../libwrk/atari/dbg.s(2864)
    dbg.o                     ../libwrk/atari/dbg.s(2864)
    mousedemo.o               mousedemo.s(1102)
incsp4 (incsp4.o):
    dbg.o                     ../libwrk/atari/dbg.s(2864)
    dbg.o                     ../libwrk/atari/dbg.s(2864)
    dbg.o                     ../libwrk/atari/dbg.s(2864)
    dbg.o                     ../libwrk/atari/dbg.s(2864)
    dbg.o                     ../libwrk/atari/dbg.s(2864)
    open.o                    atari/open.s(20)
incsp6 (incsp6.o):
    dbg.o                     ../libwrk/atari/dbg.s(2864)
initirq (irq.o):
    callirq.o                 runtime/callirq.s(37)
initlib (condes.o):
    crt0.o                    atari/crt0.s(14)
initmainargs (getargs.o):
    mousedemo.o               mousedemo.s(34)
ldaidx (ldai.o):
    dbg.o                     ../libwrk/atari/dbg.s(2864)
    dbg.o                     ../libwrk/atari/dbg.s(2864)
ldax0sp (ldaxsp.o):
    dbg.o                     ../libwrk/atari/dbg.s(2864)
    dbg.o                     ../libwrk/atari/dbg.s(2864)
    dbg.o                     ../libwrk/atari/dbg.s(2864)
    dbg.o                     ../libwrk/atari/dbg.s(2864)
    dbg.o                     ../libwrk/atari/dbg.s(2864)
    dbg.o                     ../libwrk/atari/dbg.s(2864)
    dbg.o                     ../libwrk/atari/dbg.s(2864)
    dbg.o                     ../libwrk/atari/dbg.s(2864)
ldaxi (ldaxi.o):
    dbg.o                     ../libwrk/atari/dbg.s(2864)
    dbg.o                     ../libwrk/atari/dbg.s(2864)
    dbg.o                     ../libwrk/atari/dbg.s(2864)
    dbg.o                     ../libwrk/atari/dbg.s(2864)
    dbg.o                     ../libwrk/atari/dbg.s(2864)
    dbg.o                     ../libwrk/atari/dbg.s(2864)
    dbg.o                     ../libwrk/atari/dbg.s(2864)
    dbg.o                     ../libwrk/atari/dbg.s(2864)
    dbg.o                     ../libwrk/atari/dbg.s(2864)
ldaxidx (ldaxi.o):
    dbg.o                     ../libwrk/atari/dbg.s(2864)
    dbg.o                     ../libwrk/atari/dbg.s(2864)
    dbg.o                     ../libwrk/atari/dbg.s(2864)
    dbg.o                     ../libwrk/atari/dbg.s(2864)
ldaxysp (ldaxsp.o):
    dbg.o                     ../libwrk/atari/dbg.s(2864)
    dbg.o                     ../libwrk/atari/dbg.s(2864)
    dbg.o                     ../libwrk/atari/dbg.s(2864)
    dbg.o                     ../libwrk/atari/dbg.s(2864)
    dbg.o                     ../libwrk/atari/dbg.s(2864)
    dbg.o                     ../libwrk/atari/dbg.s(2864)
    dbg.o                     ../libwrk/atari/dbg.s(2864)
    dbg.o                     ../libwrk/atari/dbg.s(2864)
    dbg.o                     ../libwrk/atari/dbg.s(2864)
    dbg.o                     ../libwrk/atari/dbg.s(2864)
    dbg.o                     ../libwrk/atari/dbg.s(2864)
    dbg.o                     ../libwrk/atari/dbg.s(2864)
    open.o                    atari/open.s(21)
leaa0sp (leaaxsp.o):
    dbg.o                     ../libwrk/atari/dbg.s(2864)
    dbg.o                     ../libwrk/atari/dbg.s(2864)
    dbg.o                     ../libwrk/atari/dbg.s(2864)
mouse_getbox (mouse-kernel.o):
    mouse_getbox.o            /build/cc65-cMn3ks/cc65-2.18/asminc/mouse-kernel.inc(179)
mouse_hide (mouse-kernel.o):
    mouse_hide.o              /build/cc65-cMn3ks/cc65-2.18/asminc/mouse-kernel.inc(176)
mouse_info (mouse-kernel.o):
    mouse_info.o              /build/cc65-cMn3ks/cc65-2.18/asminc/mouse-kernel.inc(183)
mouse_libref (mouseref.o):
    mouse-kernel.o            mouse/mouse-kernel.s(7)
mouse_pm_bits (mcbpm-shape.o):
    mcbpm.o                   atari/mcbpm.s(17)
mouse_pm_height (mcbpm-shape.o):
    mcbpm.o                   atari/mcbpm.s(18)
mouse_pm_hotspot_x (mcbpm-shape.o):
    mcbpm.o                   atari/mcbpm.s(19)
mouse_pm_hotspot_y (mcbpm-shape.o):
    mcbpm.o                   atari/mcbpm.s(20)
mouse_setbox (mouse-kernel.o):
    mouse_setbox.o            /build/cc65-cMn3ks/cc65-2.18/asminc/mouse-kernel.inc(178)
mouse_show (mouse-kernel.o):
    mouse_show.o              /build/cc65-cMn3ks/cc65-2.18/asminc/mouse-kernel.inc(177)
mulax3 (mulax3.o):
    dbg.o                     ../libwrk/atari/dbg.s(2864)
negeax (lneg.o):
    ltoa.o                    common/ltoa.s(9)
newfd (fdtable.o):
    open.o                    atari/open.s(18)
popa (popa.o):
    gotoxy.o                  atari/gotoxy.s(10)
popax (incsp2.o):
    memset.o                  common/memset.s(19)
    ltoa.o                    common/ltoa.s(9)
    dbgdasm.o                 dbg/dbgdasm.s(12)
    _printf.o                 common/_printf.s(11)
    vcprintf.o                conio/vcprintf.s(8)
    rwcommon.o                atari/rwcommon.s(7)
popptr1 (popptr1.o):
    ltoa.o                    common/ltoa.s(9)
    vcprintf.o                conio/vcprintf.s(8)
    scrsize.o                 conio/scrsize.s(9)
    dbgsupp.o                 dbg/dbgsupp.s(9)
popsreg (popsreg.o):
    mouse-kernel.o            mouse/mouse-kernel.s(7)
ptr1 (zeropage.o):
    memset.o                  common/memset.s(20)
    malloc.o                  common/malloc.s(108)
    free.o                    common/free.s(62)
    call.o                    runtime/call.s(8)
    strlower.o                common/strlower.s(14)
    pushw.o                   runtime/pushw.s(9)
    mulax3.o                  runtime/mulax3.s(9)
    mouse-kernel.o            mouse/mouse-kernel.s(8)
    ltoa.o                    common/ltoa.s(11)
    ldaxi.o                   runtime/ldaxi.s(8)
    ldai.o                    runtime/ldai.s(8)
    dbgisram.o                dbg/dbgisram.s(9)
    dbgdasm.o                 dbg/dbgdasm.s(21)
    dbg.o                     ../libwrk/atari/dbg.s(11)
    _printf.o                 /build/cc65-cMn3ks/cc65-2.18/asminc/zeropage.inc(12)
    zerobss.o                 common/zerobss.s(9)
    vcprintf.o                conio/vcprintf.s(10)
    scrsize.o                 conio/scrsize.s(11)
    popptr1.o                 runtime/popptr1.s(9)
    mouse_info.o              mouse/mouse_info.s(8)
    getargs.o                 atari/getargs.s(18)
    dbgsupp.o                 /build/cc65-cMn3ks/cc65-2.18/asminc/zeropage.inc(12)
    cputs.o                   conio/cputs.s(10)
    cprintf.o                 conio/cprintf.s(9)
    clrscr.o                  atari/clrscr.s(9)
    mousedemo.o               mousedemo.s(11)
ptr2 (zeropage.o):
    memset.o                  common/memset.s(20)
    malloc.o                  common/malloc.s(108)
    free.o                    common/free.s(62)
    strlower.o                common/strlower.s(14)
    strlen.o                  common/strlen.s(12)
    ltoa.o                    common/ltoa.s(11)
    dbgdasm.o                 dbg/dbgdasm.s(21)
    _printf.o                 /build/cc65-cMn3ks/cc65-2.18/asminc/zeropage.inc(12)
    vcprintf.o                conio/vcprintf.s(10)
    scrsize.o                 conio/scrsize.s(11)
ptr3 (zeropage.o):
    memset.o                  common/memset.s(20)
    malloc.o                  common/malloc.s(108)
    free.o                    common/free.s(62)
    ltoa.o                    common/ltoa.s(11)
    dbgdump.o                 dbg/dbgdump.s(10)
    dbgdasm.o                 dbg/dbgdasm.s(21)
    vcprintf.o                conio/vcprintf.s(10)
ptr4 (zeropage.o):
    free.o                    common/free.s(62)
    fdtable.o                 atari/fdtable.s(9)
    dbgdump.o                 dbg/dbgdump.s(10)
    ucase_fn.o                atari/ucase_fn.s(27)
    cputc.o                   atari/cputc.s(11)
push1 (push1.o):
    _printf.o                 common/_printf.s(11)
pusha (pusha.o):
    dbg.o                     ../libwrk/atari/dbg.s(2864)
    dbg.o                     ../libwrk/atari/dbg.s(2864)
    dbg.o                     ../libwrk/atari/dbg.s(2864)
    dbg.o                     ../libwrk/atari/dbg.s(2864)
    dbg.o                     ../libwrk/atari/dbg.s(2864)
    dbg.o                     ../libwrk/atari/dbg.s(2864)
    dbg.o                     ../libwrk/atari/dbg.s(2864)
    dbg.o                     ../libwrk/atari/dbg.s(2864)
    dbg.o                     ../libwrk/atari/dbg.s(2864)
    dbg.o                     ../libwrk/atari/dbg.s(2864)
    dbg.o                     ../libwrk/atari/dbg.s(2864)
    dbg.o                     ../libwrk/atari/dbg.s(2864)
    dbg.o                     ../libwrk/atari/dbg.s(2864)
    dbg.o                     ../libwrk/atari/dbg.s(2864)
    dbg.o                     ../libwrk/atari/dbg.s(2864)
    dbg.o                     ../libwrk/atari/dbg.s(2864)
    dbg.o                     ../libwrk/atari/dbg.s(2864)
    mousedemo.o               mousedemo.s(1102)
    mousedemo.o               mousedemo.s(1102)
    mousedemo.o               mousedemo.s(1102)
pusha0 (pushax.o):
    push1.o                   runtime/push1.s(8)
    dbg.o                     ../libwrk/atari/dbg.s(2864)
    dbg.o                     ../libwrk/atari/dbg.s(2864)
    dbg.o                     ../libwrk/atari/dbg.s(2864)
    dbg.o                     ../libwrk/atari/dbg.s(2864)
    dbg.o                     ../libwrk/atari/dbg.s(2864)
    mouse_load.o              mouse/mouse_load.s(14)
    mousedemo.o               mousedemo.s(1102)
    mousedemo.o               mousedemo.s(1102)
pushax (pushax.o):
    pushw.o                   runtime/pushw.s(8)
    modload.o                 common/modload.s(40)
    dbg.o                     ../libwrk/atari/dbg.s(2864)
    dbg.o                     ../libwrk/atari/dbg.s(2864)
    dbg.o                     ../libwrk/atari/dbg.s(2864)
    dbg.o                     ../libwrk/atari/dbg.s(2864)
    dbg.o                     ../libwrk/atari/dbg.s(2864)
    dbg.o                     ../libwrk/atari/dbg.s(2864)
    dbg.o                     ../libwrk/atari/dbg.s(2864)
    dbg.o                     ../libwrk/atari/dbg.s(2864)
    dbg.o                     ../libwrk/atari/dbg.s(2864)
    dbg.o                     ../libwrk/atari/dbg.s(2864)
    dbg.o                     ../libwrk/atari/dbg.s(2864)
    dbg.o                     ../libwrk/atari/dbg.s(2864)
    dbg.o                     ../libwrk/atari/dbg.s(2864)
    dbg.o                     ../libwrk/atari/dbg.s(2864)
    dbg.o                     ../libwrk/atari/dbg.s(2864)
    dbg.o                     ../libwrk/atari/dbg.s(2864)
    dbg.o                     ../libwrk/atari/dbg.s(2864)
    dbg.o                     ../libwrk/atari/dbg.s(2864)
    callmain.o                runtime/callmain.s(11)
    _printf.o                 common/_printf.s(11)
    vcprintf.o                conio/vcprintf.s(8)
    mouse_load.o              mouse/mouse_load.s(13)
    cprintf.o                 conio/cprintf.s(8)
    mousedemo.o               mousedemo.s(1102)
    mousedemo.o               mousedemo.s(1102)
    mousedemo.o               mousedemo.s(1102)
    mousedemo.o               mousedemo.s(1102)
pusheax (lpush.o):
    _printf.o                 common/_printf.s(11)
pushw (pushw.o):
    dbg.o                     ../libwrk/atari/dbg.s(2864)
pushw0sp (pushwsp.o):
    dbg.o                     ../libwrk/atari/dbg.s(2864)
    dbg.o                     ../libwrk/atari/dbg.s(2864)
pushwysp (pushwsp.o):
    dbg.o                     ../libwrk/atari/dbg.s(2864)
    dbg.o                     ../libwrk/atari/dbg.s(2864)
    dbg.o                     ../libwrk/atari/dbg.s(2864)
    dbg.o                     ../libwrk/atari/dbg.s(2864)
    mousedemo.o               mousedemo.s(1102)
    mousedemo.o               mousedemo.s(1102)
putchar (cputc.o):
    cvline.o                  atari/cvline.s(10)
regbank (zeropage.o):
    regswap2.o                runtime/regswap2.s(8)
    modload.o                 /build/cc65-cMn3ks/cc65-2.18/asminc/zeropage.inc(14)
    dbg.o                     ../libwrk/atari/dbg.s(10)
    _printf.o                 /build/cc65-cMn3ks/cc65-2.18/asminc/zeropage.inc(14)
regswap2 (regswap2.o):
    dbg.o                     ../libwrk/atari/dbg.s(2864)
return0 (return0.o):
    mouse-kernel.o            mouse/mouse-kernel.s(7)
    dbgisram.o                dbg/dbgisram.s(8)
    mouse_unload.o            mouse/mouse_unload.s(11)
    dbgsupp.o                 dbg/dbgsupp.s(9)
return1 (return1.o):
    dbgisram.o                dbg/dbgisram.s(8)
    kbhit.o                   atari/kbhit.s(8)
screensize (_scrsize.o):
    scrsize.o                 conio/scrsize.s(10)
setcursor (setcursor.o):
    cvline.o                  atari/cvline.s(10)
    chline.o                  atari/chline.s(9)
    gotoxy.o                  atari/gotoxy.s(11)
    cputc.o                   atari/cputc.s(12)
    clrscr.o                  atari/clrscr.s(10)
    cgetc.o                   atari/cgetc.s(10)
shlax3 (aslax3.o):
    dbg.o                     ../libwrk/atari/dbg.s(2864)
shlax4 (aslax4.o):
    dbg.o                     ../libwrk/atari/dbg.s(2864)
sp (zeropage.o):
    _heap.o                   common/_heap.s(9)
    memset.o                  common/memset.s(20)
    decsp4.o                  runtime/decsp4.s(8)
    addeqsp.o                 runtime/addeqsp.s(8)
    add.o                     runtime/add.s(12)
    sub.o                     runtime/sub.s(9)
    regswap2.o                runtime/regswap2.s(8)
    popsreg.o                 runtime/popsreg.s(9)
    lpush.o                   runtime/lpush.s(13)
    leaaxsp.o                 runtime/leaaxsp.s(8)
    ldaxsp.o                  runtime/ldaxsp.s(8)
    incsp1.o                  runtime/incsp1.s(8)
    fdtable.o                 atari/fdtable.s(9)
    decsp8.o                  runtime/decsp8.s(8)
    decsp6.o                  runtime/decsp6.s(8)
    decsp3.o                  runtime/decsp3.s(8)
    decsp1.o                  runtime/decsp1.s(8)
    dbgdump.o                 dbg/dbgdump.s(10)
    dbg.o                     ../libwrk/atari/dbg.s(10)
    _printf.o                 /build/cc65-cMn3ks/cc65-2.18/asminc/zeropage.inc(11)
    vcprintf.o                conio/vcprintf.s(10)
    ucase_fn.o                atari/ucase_fn.s(27)
    subysp.o                  runtime/subysp.s(9)
    staxsp.o                  runtime/staxsp.s(8)
    pushwsp.o                 runtime/pushwsp.s(8)
    pushax.o                  runtime/pushax.s(8)
    pusha.o                   runtime/pusha.s(8)
    popptr1.o                 runtime/popptr1.s(9)
    popa.o                    runtime/popa.s(8)
    incsp2.o                  runtime/incsp2.s(8)
    icmp.o                    runtime/icmp.s(9)
    decsp2.o                  runtime/decsp2.s(8)
    dbgsupp.o                 /build/cc65-cMn3ks/cc65-2.18/asminc/zeropage.inc(11)
    crt0.o                    /build/cc65-cMn3ks/cc65-2.18/asminc/zeropage.inc(11)
    cprintf.o                 conio/cprintf.s(9)
    addysp.o                  runtime/addysp.s(8)
    mousedemo.o               mousedemo.s(10)
sreg (zeropage.o):
    lneg.o                    runtime/lneg.s(11)
    popsreg.o                 runtime/popsreg.s(9)
    mouse-kernel.o            mouse/mouse-kernel.s(8)
    ltoa.o                    common/ltoa.s(11)
    lpush.o                   runtime/lpush.s(13)
    dbgdasm.o                 dbg/dbgdasm.s(21)
    axlong.o                  runtime/axlong.s(9)
    _printf.o                 /build/cc65-cMn3ks/cc65-2.18/asminc/zeropage.inc(11)
    icmp.o                    runtime/icmp.s(9)
start (crt0.o):
    exetrailer.o              atari/exetrailer.s(4)
stax0sp (staxsp.o):
    dbg.o                     ../libwrk/atari/dbg.s(2864)
    dbg.o                     ../libwrk/atari/dbg.s(2864)
    dbg.o                     ../libwrk/atari/dbg.s(2864)
staxysp (staxsp.o):
    dbg.o                     ../libwrk/atari/dbg.s(2864)
    dbg.o                     ../libwrk/atari/dbg.s(2864)
    dbg.o                     ../libwrk/atari/dbg.s(2864)
    dbg.o                     ../libwrk/atari/dbg.s(2864)
    mousedemo.o               mousedemo.s(1102)
subysp (subysp.o):
    dbg.o                     ../libwrk/atari/dbg.s(2864)
    dbg.o                     ../libwrk/atari/dbg.s(2864)
    dbg.o                     ../libwrk/atari/dbg.s(2864)
    dbg.o                     ../libwrk/atari/dbg.s(2864)
    dbg.o                     ../libwrk/atari/dbg.s(2864)
    ucase_fn.o                atari/ucase_fn.s(28)
    mousedemo.o               mousedemo.s(1102)
tmp1 (zeropage.o):
    cvline.o                  atari/cvline.s(11)
    chline.o                  atari/chline.s(10)
    aslax4.o                  runtime/aslax4.s(8)
    aslax3.o                  runtime/aslax3.s(8)
    aslax1.o                  runtime/aslax1.s(8)
    add.o                     runtime/add.s(12)
    mouse-kernel.o            mouse/mouse-kernel.s(8)
    ltoa.o                    common/ltoa.s(11)
    getfd.o                   atari/getfd.s(10)
    fdtable.o                 atari/fdtable.s(9)
    decaxy.o                  runtime/decaxy.s(8)
    dbgdasm.o                 dbg/dbgdasm.s(21)
    dbg.o                     ../libwrk/atari/dbg.s(11)
    _printf.o                 /build/cc65-cMn3ks/cc65-2.18/asminc/zeropage.inc(13)
    vcprintf.o                conio/vcprintf.s(10)
    dbgsupp.o                 /build/cc65-cMn3ks/cc65-2.18/asminc/zeropage.inc(13)
    cputs.o                   conio/cputs.s(10)
    cclear.o                  atari/cclear.s(10)
    mousedemo.o               mousedemo.s(11)
tmp2 (zeropage.o):
    mouse-kernel.o            mouse/mouse-kernel.s(8)
    fdtable.o                 atari/fdtable.s(9)
    dbgdump.o                 dbg/dbgdump.s(10)
    dbgdasm.o                 dbg/dbgdasm.s(21)
    ucase_fn.o                atari/ucase_fn.s(24)
    open.o                    /build/cc65-cMn3ks/cc65-2.18/asminc/zeropage.inc(13)
tmp3 (zeropage.o):
    fdtable.o                 atari/fdtable.s(9)
    dbgdump.o                 dbg/dbgdump.s(10)
    dbgdasm.o                 dbg/dbgdasm.s(21)
    ucase_fn.o                atari/ucase_fn.s(27)
    open.o                    /build/cc65-cMn3ks/cc65-2.18/asminc/zeropage.inc(13)
tmp4 (zeropage.o):
    dbgdump.o                 dbg/dbgdump.s(10)
    dbgdasm.o                 dbg/dbgdasm.s(21)
    open.o                    /build/cc65-cMn3ks/cc65-2.18/asminc/zeropage.inc(13)
    mul40.o                   common/mul40.s(16)
tosadda0 (add.o):
    dbg.o                     ../libwrk/atari/dbg.s(2864)
tosaddax (add.o):
    dbg.o                     ../libwrk/atari/dbg.s(2864)
    dbg.o                     ../libwrk/atari/dbg.s(2864)
tosicmp (icmp.o):
    mousedemo.o               mousedemo.s(1102)
tosicmp0 (icmp.o):
    dbg.o                     ../libwrk/atari/dbg.s(2864)
tossubax (sub.o):
    dbg.o                     ../libwrk/atari/dbg.s(2864)
ucase_fn (ucase_fn.o):
    open.o                    atari/open.s(24)
zerobss (zerobss.o):
    crt0.o                    atari/crt0.s(15)

