Modules list:
-------------
multidemo.o:
    CODE              Offs=000000  Size=0005B1  Align=00001  Fill=0000
    RODATA            Offs=000000  Size=0002AD  Align=00001  Fill=0000
    DATA              Offs=000000  Size=000018  Align=00001  Fill=0000
    OVERLAY1          Offs=000000  Size=000007  Align=00001  Fill=0000
    OVERLAY2          Offs=000000  Size=000007  Align=00001  Fill=0000
    OVERLAY3          Offs=000000  Size=000007  Align=00001  Fill=0000
/usr/share/cc65/lib/atari.lib(_directerrno.o):
    CODE              Offs=0005B1  Size=00000A  Align=00001  Fill=0000
/usr/share/cc65/lib/atari.lib(_file.o):
    DATA              Offs=000018  Size=00001E  Align=00001  Fill=0000
/usr/share/cc65/lib/atari.lib(_heap.o):
    DATA              Offs=000036  Size=00000A  Align=00001  Fill=0000
    ONCE              Offs=000000  Size=000010  Align=00001  Fill=0000
/usr/share/cc65/lib/atari.lib(_hextab.o):
    RODATA            Offs=0002AD  Size=000010  Align=00001  Fill=0000
/usr/share/cc65/lib/atari.lib(_longminstr.o):
    RODATA            Offs=0002BD  Size=00000C  Align=00001  Fill=0000
/usr/share/cc65/lib/atari.lib(_mappederrno.o):
    CODE              Offs=0005BB  Size=000010  Align=00001  Fill=0000
/usr/share/cc65/lib/atari.lib(_oserror.o):
    BSS               Offs=000000  Size=000001  Align=00001  Fill=0000
/usr/share/cc65/lib/atari.lib(_printf.o):
    CODE              Offs=0005CB  Size=0003A5  Align=00001  Fill=0000
    BSS               Offs=000001  Size=00002B  Align=00001  Fill=0000
    DATA              Offs=000040  Size=000003  Align=00001  Fill=0000
/usr/share/cc65/lib/atari.lib(_seterrno.o):
    CODE              Offs=000970  Size=000009  Align=00001  Fill=0000
/usr/share/cc65/lib/atari.lib(add.o):
    CODE              Offs=000979  Size=00001C  Align=00001  Fill=0000
/usr/share/cc65/lib/atari.lib(addysp.o):
    CODE              Offs=000995  Size=00000E  Align=00001  Fill=0000
/usr/share/cc65/lib/atari.lib(axlong.o):
    CODE              Offs=0009A3  Size=00000D  Align=00001  Fill=0000
/usr/share/cc65/lib/atari.lib(callmain.o):
    CODE              Offs=0009B0  Size=000017  Align=00001  Fill=0000
    DATA              Offs=000043  Size=000004  Align=00001  Fill=0000
/usr/share/cc65/lib/atari.lib(close.o):
    CODE              Offs=0009C7  Size=00001E  Align=00001  Fill=0000
/usr/share/cc65/lib/atari.lib(condes.o):
    CODE              Offs=0009E5  Size=00000C  Align=00001  Fill=0000
    DATA              Offs=000047  Size=000025  Align=00001  Fill=0000
    ONCE              Offs=000010  Size=00000C  Align=00001  Fill=0000
/usr/share/cc65/lib/atari.lib(crt0.o):
    BSS               Offs=00002C  Size=000005  Align=00001  Fill=0000
    STARTUP           Offs=000000  Size=000063  Align=00001  Fill=0000
/usr/share/cc65/lib/atari.lib(ctype.o):
    RODATA            Offs=0002C9  Size=000100  Align=00001  Fill=0000
/usr/share/cc65/lib/atari.lib(decax1.o):
    CODE              Offs=0009F1  Size=000007  Align=00001  Fill=0000
/usr/share/cc65/lib/atari.lib(decax4.o):
    CODE              Offs=0009F8  Size=000007  Align=00001  Fill=0000
/usr/share/cc65/lib/atari.lib(decsp1.o):
    CODE              Offs=0009FF  Size=000009  Align=00001  Fill=0000
/usr/share/cc65/lib/atari.lib(decsp2.o):
    CODE              Offs=000A08  Size=00000D  Align=00001  Fill=0000
/usr/share/cc65/lib/atari.lib(decsp4.o):
    CODE              Offs=000A15  Size=00000D  Align=00001  Fill=0000
/usr/share/cc65/lib/atari.lib(decsp6.o):
    CODE              Offs=000A22  Size=00000D  Align=00001  Fill=0000
/usr/share/cc65/lib/atari.lib(decsp8.o):
    CODE              Offs=000A2F  Size=00000D  Align=00001  Fill=0000
/usr/share/cc65/lib/atari.lib(do_oserr.o):
    CODE              Offs=000A3C  Size=000004  Align=00001  Fill=0000
/usr/share/cc65/lib/atari.lib(doesclrscr.o):
    CODE              Offs=000A40  Size=000006  Align=00001  Fill=0000
/usr/share/cc65/lib/atari.lib(dosdetect.o):
    DATA              Offs=00006C  Size=000001  Align=00001  Fill=0000
    ONCE              Offs=00001C  Size=00004B  Align=00001  Fill=0000
/usr/share/cc65/lib/atari.lib(em-kernel.o):
    RODATA            Offs=0003C9  Size=000051  Align=00001  Fill=0000
    BSS               Offs=000031  Size=000002  Align=00001  Fill=0000
    DATA              Offs=00006D  Size=000018  Align=00001  Fill=0000
/usr/share/cc65/lib/atari.lib(em_copyfrom.o):
/usr/share/cc65/lib/atari.lib(em_copyto.o):
/usr/share/cc65/lib/atari.lib(em_load.o):
    CODE              Offs=000A46  Size=00005A  Align=00001  Fill=0000
    DATA              Offs=000085  Size=00000A  Align=00001  Fill=0000
/usr/share/cc65/lib/atari.lib(em_pagecount.o):
/usr/share/cc65/lib/atari.lib(errno.o):
    BSS               Offs=000033  Size=000002  Align=00001  Fill=0000
/usr/share/cc65/lib/atari.lib(exehdr.o):
    EXEHDR            Offs=000000  Size=000002  Align=00001  Fill=0000
    MAINHDR           Offs=000000  Size=000004  Align=00001  Fill=0000
/usr/share/cc65/lib/atari.lib(exetrailer.o):
    AUTOSTRT          Offs=000000  Size=000006  Align=00001  Fill=0000
/usr/share/cc65/lib/atari.lib(fdtab.o):
    DATA              Offs=00008F  Size=00002C  Align=00001  Fill=0000
/usr/share/cc65/lib/atari.lib(fdtable.o):
    CODE              Offs=000AA0  Size=000183  Align=00001  Fill=0000
    BSS               Offs=000035  Size=000006  Align=00001  Fill=0000
/usr/share/cc65/lib/atari.lib(fdtoiocb.o):
    CODE              Offs=000C23  Size=000022  Align=00001  Fill=0000
/usr/share/cc65/lib/atari.lib(fgetc.o):
    CODE              Offs=000C45  Size=00008C  Align=00001  Fill=0000
/usr/share/cc65/lib/atari.lib(findfreeiocb.o):
    CODE              Offs=000CD1  Size=000015  Align=00001  Fill=0000
/usr/share/cc65/lib/atari.lib(free.o):
    CODE              Offs=000CE6  Size=0001D3  Align=00001  Fill=0000
/usr/share/cc65/lib/atari.lib(fwrite.o):
    CODE              Offs=000EB9  Size=00007B  Align=00001  Fill=0000
    BSS               Offs=00003B  Size=000002  Align=00001  Fill=0000
/usr/share/cc65/lib/atari.lib(getchar.o):
    CODE              Offs=000F34  Size=000009  Align=00001  Fill=0000
/usr/share/cc65/lib/atari.lib(getdefdev.o):
    CODE              Offs=000F3D  Size=000064  Align=00001  Fill=0000
    DATA              Offs=0000BB  Size=000007  Align=00001  Fill=0000
/usr/share/cc65/lib/atari.lib(getfd.o):
    CODE              Offs=000FA1  Size=000029  Align=00001  Fill=0000
/usr/share/cc65/lib/atari.lib(icmp.o):
    CODE              Offs=000FCA  Size=00002E  Align=00001  Fill=0000
/usr/share/cc65/lib/atari.lib(incsp1.o):
    CODE              Offs=000FF8  Size=000007  Align=00001  Fill=0000
/usr/share/cc65/lib/atari.lib(incsp2.o):
    CODE              Offs=000FFF  Size=000016  Align=00001  Fill=0000
/usr/share/cc65/lib/atari.lib(incsp3.o):
    CODE              Offs=001015  Size=000005  Align=00001  Fill=0000
/usr/share/cc65/lib/atari.lib(incsp4.o):
    CODE              Offs=00101A  Size=000005  Align=00001  Fill=0000
/usr/share/cc65/lib/atari.lib(incsp6.o):
    CODE              Offs=00101F  Size=000005  Align=00001  Fill=0000
/usr/share/cc65/lib/atari.lib(incsp8.o):
    CODE              Offs=001024  Size=000005  Align=00001  Fill=0000
/usr/share/cc65/lib/atari.lib(inviocb.o):
    CODE              Offs=001029  Size=000005  Align=00001  Fill=0000
/usr/share/cc65/lib/atari.lib(is_cmdline_dos.o):
    CODE              Offs=00102E  Size=000009  Align=00001  Fill=0000
/usr/share/cc65/lib/atari.lib(ldaxi.o):
    CODE              Offs=001037  Size=00000D  Align=00001  Fill=0000
/usr/share/cc65/lib/atari.lib(ldaxsp.o):
    CODE              Offs=001044  Size=000009  Align=00001  Fill=0000
/usr/share/cc65/lib/atari.lib(leaaxsp.o):
    CODE              Offs=00104D  Size=00000C  Align=00001  Fill=0000
/usr/share/cc65/lib/atari.lib(libref.o):
/usr/share/cc65/lib/atari.lib(lneg.o):
    CODE              Offs=001059  Size=00001E  Align=00001  Fill=0000
/usr/share/cc65/lib/atari.lib(lpush.o):
    CODE              Offs=001077  Size=000021  Align=00001  Fill=0000
/usr/share/cc65/lib/atari.lib(ltoa.o):
    CODE              Offs=001098  Size=000095  Align=00001  Fill=0000
/usr/share/cc65/lib/atari.lib(makebool.o):
    CODE              Offs=00112D  Size=00002C  Align=00001  Fill=0000
/usr/share/cc65/lib/atari.lib(malloc.o):
    CODE              Offs=001159  Size=00010E  Align=00001  Fill=0000
/usr/share/cc65/lib/atari.lib(memcpy.o):
    CODE              Offs=001267  Size=00003C  Align=00001  Fill=0000
/usr/share/cc65/lib/atari.lib(memset.o):
    CODE              Offs=0012A3  Size=00005D  Align=00001  Fill=0000
/usr/share/cc65/lib/atari.lib(modfree.o):
/usr/share/cc65/lib/atari.lib(modload.o):
    CODE              Offs=001300  Size=000205  Align=00001  Fill=0000
    RODATA            Offs=00041A  Size=000008  Align=00001  Fill=0000
    BSS               Offs=00003D  Size=000023  Align=00001  Fill=0000
    DATA              Offs=0000C2  Size=000003  Align=00001  Fill=0000
/usr/share/cc65/lib/atari.lib(mul.o):
    CODE              Offs=001505  Size=000045  Align=00001  Fill=0000
/usr/share/cc65/lib/atari.lib(mul8.o):
    CODE              Offs=00154A  Size=00003A  Align=00001  Fill=0000
/usr/share/cc65/lib/atari.lib(open.o):
    CODE              Offs=001584  Size=0000C0  Align=00001  Fill=0000
/usr/share/cc65/lib/atari.lib(oserror.o):
    CODE              Offs=001644  Size=00001A  Align=00001  Fill=0000
    RODATA            Offs=000422  Size=000038  Align=00001  Fill=0000
/usr/share/cc65/lib/atari.lib(popptr1.o):
    CODE              Offs=00165E  Size=00000E  Align=00001  Fill=0000
/usr/share/cc65/lib/atari.lib(posixdirent.o):
    CODE              Offs=00166C  Size=0000ED  Align=00001  Fill=0000
    BSS               Offs=000060  Size=000081  Align=00001  Fill=0000
    DATA              Offs=0000C5  Size=000007  Align=00001  Fill=0000
/usr/share/cc65/lib/atari.lib(printf.o):
    CODE              Offs=001759  Size=000033  Align=00001  Fill=0000
    BSS               Offs=0000E1  Size=000001  Align=00001  Fill=0000
/usr/share/cc65/lib/atari.lib(push1.o):
    CODE              Offs=00178C  Size=000005  Align=00001  Fill=0000
/usr/share/cc65/lib/atari.lib(pusha.o):
    CODE              Offs=001791  Size=000016  Align=00001  Fill=0000
/usr/share/cc65/lib/atari.lib(pushax.o):
    CODE              Offs=0017A7  Size=00001A  Align=00001  Fill=0000
/usr/share/cc65/lib/atari.lib(pushwsp.o):
    CODE              Offs=0017C1  Size=00001C  Align=00001  Fill=0000
/usr/share/cc65/lib/atari.lib(read.o):
    CODE              Offs=0017DD  Size=0000DA  Align=00001  Fill=0000
    BSS               Offs=0000E2  Size=000051  Align=00001  Fill=0000
    EXTZP             Offs=000000  Size=000005  Align=00001  Fill=0000
/usr/share/cc65/lib/atari.lib(realloc.o):
    CODE              Offs=0018B7  Size=000145  Align=00001  Fill=0000
/usr/share/cc65/lib/atari.lib(regswap2.o):
    CODE              Offs=0019FC  Size=000016  Align=00001  Fill=0000
/usr/share/cc65/lib/atari.lib(return0.o):
    CODE              Offs=001A12  Size=000004  Align=00001  Fill=0000
/usr/share/cc65/lib/atari.lib(rwcommon.o):
    CODE              Offs=001A16  Size=00002D  Align=00001  Fill=0000
/usr/share/cc65/lib/atari.lib(staxsp.o):
    CODE              Offs=001A43  Size=00000B  Align=00001  Fill=0000
/usr/share/cc65/lib/atari.lib(strcpy.o):
    CODE              Offs=001A4E  Size=00001F  Align=00001  Fill=0000
/usr/share/cc65/lib/atari.lib(stricmp.o):
    CODE              Offs=001A6D  Size=00003F  Align=00001  Fill=0000
/usr/share/cc65/lib/atari.lib(strlen.o):
    CODE              Offs=001AAC  Size=000016  Align=00001  Fill=0000
/usr/share/cc65/lib/atari.lib(strlower.o):
    CODE              Offs=001AC2  Size=000028  Align=00001  Fill=0000
/usr/share/cc65/lib/atari.lib(strrchr.o):
    CODE              Offs=001AEA  Size=000024  Align=00001  Fill=0000
/usr/share/cc65/lib/atari.lib(subeqsp.o):
    CODE              Offs=001B0E  Size=000015  Align=00001  Fill=0000
/usr/share/cc65/lib/atari.lib(subysp.o):
    CODE              Offs=001B23  Size=00000D  Align=00001  Fill=0000
/usr/share/cc65/lib/atari.lib(system_check.o):
    SYSCHK            Offs=000000  Size=0000F6  Align=00001  Fill=0000
/usr/share/cc65/lib/atari.lib(system_check_hdr.o):
    SYSCHKHDR         Offs=000000  Size=000004  Align=00001  Fill=0000
/usr/share/cc65/lib/atari.lib(system_check_trailer.o):
    SYSCHKTRL         Offs=000000  Size=000006  Align=00001  Fill=0000
/usr/share/cc65/lib/atari.lib(ucase_fn.o):
    CODE              Offs=001B30  Size=00005A  Align=00001  Fill=0000
/usr/share/cc65/lib/atari.lib(udiv.o):
    CODE              Offs=001B8A  Size=00004F  Align=00001  Fill=0000
/usr/share/cc65/lib/atari.lib(vfprintf.o):
    CODE              Offs=001BD9  Size=000061  Align=00001  Fill=0000
    DATA              Offs=0000CC  Size=000008  Align=00001  Fill=0000
/usr/share/cc65/lib/atari.lib(write.o):
    CODE              Offs=001C3A  Size=000028  Align=00001  Fill=0000
/usr/share/cc65/lib/atari.lib(zerobss.o):
    CODE              Offs=001C62  Size=000023  Align=00001  Fill=0000
/usr/share/cc65/lib/atari.lib(zeropage.o):
    ZEROPAGE          Offs=000000  Size=00001A  Align=00001  Fill=0000


Segment list:
-------------
Name                   Start     End    Size  Align
----------------------------------------------------
AUTOSTRT              000000  000005  000006  00001
EXEHDR                000000  000001  000002  00001
MAINHDR               000000  000003  000004  00001
SYSCHKHDR             000000  000003  000004  00001
SYSCHKTRL             000000  000005  000006  00001
ZEROPAGE              000082  00009B  00001A  00001
EXTZP                 00009C  0000A0  000005  00001
OVERLAY1              002000  002006  000007  00001
OVERLAY2              002000  002006  000007  00001
OVERLAY3              002000  002006  000007  00001
SYSCHK                002E00  002EF5  0000F6  00001
STARTUP               003000  003062  000063  00001
ONCE                  003063  0030CF  00006D  00001
CODE                  0030D0  004D54  001C85  00001
RODATA                004D55  0051B0  00045C  00001
DATA                  0051B1  005284  0000D4  00001
BSS                   005285  0053B7  000133  00001


Exports list by name:
---------------------
__AUTOSTART__             000001 REA    __BSS_LOAD__              005285 RLA    
__BSS_RUN__               005285 RLA    __BSS_SIZE__              000133 REA    
__CONSTRUCTOR_COUNT__     000003 REA    __CONSTRUCTOR_TABLE__     0030CA RLA    
__DESTRUCTOR_COUNT__      000001 REA    __DESTRUCTOR_TABLE__      0051AF RLA    
__EXEHDR__                000001 REA    __LOWCODE_RUN__           003063 RLA    
__LOWCODE_SIZE__          000000 REA    __MAIN_START__            003000 RLA    
__OVERLAY1_LOAD__         002000 RLA    __OVERLAY1_SIZE__         000007 REA    
__OVERLAY2_LOAD__         002000 RLA    __OVERLAY2_SIZE__         000007 REA    
__OVERLAY3_LOAD__         002000 RLA    __OVERLAY3_SIZE__         000007 REA    
__OVERLAYSIZE__           001000 REA    __RESERVED_MEMORY__       000000 REA    
__STACKSIZE__             000800 REA    __STARTADDRESS__          002000 REA    
__STARTUP__               000001 REA    __SYSCHKHDR__             000001 REA    
__SYSCHKTRL__             000001 REA    __SYSCHK_END__            002EF6 RLA    
__SYSCHK_LOAD__           002E00 RLA    __SYSTEM_CHECK__          002E47 REA    
__ZP_START__              000082 RLA    __ctype                   00501E RLA    
__defdev                  00526F RLA    __directerrno             003681 RLA    
__do_oserror              003B0C RLA    __dos_type                00521D RLA    
__errno                   0052B8 RLA    __getdefdev               00400D  LAI   
__heapend                 0051EB RLA    __heapfirst               0051ED RLA    
__heaplast                0051EF RLA    __heapptr                 0051E9 RLA    
__hextab                  005002 RLA    __inviocb                 0040F9 RLA    
__is_cmdline_dos          0040FE RLA    __longminstr              005012 RLA    
__mappederrno             00368B RLA    __oserror                 005285 RLA    
__osmaperrno              004714 RLA    __printf                  00378E RLA    
__rwsetup                 004AE6 RLA    __seterrno                003A40 RLA    
_bzero                    004373 RLA    _close                    003A97 RLA    
_closedir                 004814 RLA    _doesclrscrafterexit      003B10 RLA    
_em_copyfrom              005230 REA    _em_copyto                005233 REA    
_em_drv                   0052B6 RLA    _em_install               005122 RLA    
_em_load_driver           003B16 RLA    _em_pagecount             005224 REA    
_exit                     003041 RLA    _fgetc                    003D15 RLA    
_free                     003DB6 RLA    _fwrite                   003F89 RLA    
_getchar                  004004 RLA    _ltoa                     004180 RLA    
_main                     00360F RLA    _malloc                   004229 RLA    
_memcpy                   004337 RLA    _mod_free                 003DB6 REA    
_mod_load                 0044AB RLA    _open                     004654 RLA    
_opendir                  00473C RLA    _printf                   004829 RLA    
_read                     0048AD RLA    _readdir                  00479B RLA    
_realloc                  004987 RLA    _stdin                    0051E1 RLA    
_stdout                   0051E3 RLA    _strcasecmp               004B3D RLA    
_strcpy                   004B1E RLA    _strlen                   004B7C RLA    
_strlower                 004B92 RLA    _strrchr                  004BBA RLA    
_ultoa                    0041C1 RLA    _vfprintf                 004CE1 RLA    
_write                    004D0A RLA    addysp                    003A66 RLA    
axlong                    003A73 RLA    axulong                   003A79 RLA    
boolne                    0041FD RLA    callmain                  003A80 RLA    
closeallfiles             004705  LAI   clriocb                   003BB7 RLA    
decax1                    003AC1 RLA    decax4                    003AC8 RLA    
decsp1                    003ACF RLA    decsp2                    003AD8 RLA    
decsp4                    003AE5 RLA    decsp6                    003AF2 RLA    
decsp8                    003AFF RLA    detect                    00307F  LAI   
donelib                   003AB5 RLA    em_clear_ptr              005165 RLA    
em_libref                 003041 RLA    emd_copyfrom              005230 RLA    
emd_copyto                005233 RLA    emd_pagecount             005224 RLA    
fd_index                  005240 RLA    fd_table                  00524C RLA    
fddecusage                003BC4 RLA    fdt_to_fdi                004071 RLA    
fdtoiocb                  003CF3 RLA    fdtoiocb_down             003B70 RLA    
findfreeiocb              003DA1 RLA    incsp1                    0040C8 RLA    
incsp2                    0040D7 RLA    incsp3                    0040E5 RLA    
incsp4                    0040EA RLA    incsp6                    0040EF RLA    
incsp8                    0040F4 RLA    initheap                  003063  LAI   
initlib                   003073 RLA    ldax0sp                   004114 RLA    
ldaxidx                   004109 RLA    ldaxysp                   004116 RLA    
leaa0sp                   00411D RLA    mul8x16                   00461C RLA    
mul8x16a                  004626 RLA    negeax                    004129 RLA    
newfd                     003BF2 RLA    popax                     0040CF RLA    
popptr1                   00472E RLA    ptr1                      00008A RLZ    
ptr2                      00008C RLZ    ptr3                      00008E RLZ    
ptr4                      000090 RLZ    push0                     004877 RLA    
push1                     00485C RLA    pusha                     004865 RLA    
pusha0                    004879 RLA    pushax                    00487B RLA    
pusheax                   004150 RLA    pushw0sp                  004891 RLA    
pushwysp                  004893 RLA    regbank                   000096 RLZ    
regswap2                  004ACC RLA    return0                   004AE2 RLA    
sp                        000082 RLZ    sreg                      000084 RLZ    
start                     003001 RLA    stax0sp                   004B13 RLA    
staxysp                   004B15 RLA    subeqysp                  004BE0 RLA    
subysp                    004BF3 RLA    tmp1                      000092 RLZ    
tmp2                      000093 RLZ    tmp3                      000094 RLZ    
tmp4                      000095 RLZ    tosaddax                  003A4B RLA    
tosicmp                   00409C RLA    tosudivax                 004C5C RLA    
tosumula0                 00461A RLA    tosumulax                 0045D5 RLA    
ucase_fn                  004C00 RLA    zerobss                   004D32 RLA    



Exports list by value:
----------------------
__LOWCODE_SIZE__          000000 REA    __RESERVED_MEMORY__       000000 REA    
__AUTOSTART__             000001 REA    __DESTRUCTOR_COUNT__      000001 REA    
__EXEHDR__                000001 REA    __STARTUP__               000001 REA    
__SYSCHKHDR__             000001 REA    __SYSCHKTRL__             000001 REA    
__CONSTRUCTOR_COUNT__     000003 REA    __OVERLAY1_SIZE__         000007 REA    
__OVERLAY2_SIZE__         000007 REA    __OVERLAY3_SIZE__         000007 REA    
__ZP_START__              000082 RLA    sp                        000082 RLZ    
sreg                      000084 RLZ    ptr1                      00008A RLZ    
ptr2                      00008C RLZ    ptr3                      00008E RLZ    
ptr4                      000090 RLZ    tmp1                      000092 RLZ    
tmp2                      000093 RLZ    tmp3                      000094 RLZ    
tmp4                      000095 RLZ    regbank                   000096 RLZ    
__BSS_SIZE__              000133 REA    __STACKSIZE__             000800 REA    
__OVERLAYSIZE__           001000 REA    __OVERLAY1_LOAD__         002000 RLA    
__OVERLAY2_LOAD__         002000 RLA    __OVERLAY3_LOAD__         002000 RLA    
__STARTADDRESS__          002000 REA    __SYSCHK_LOAD__           002E00 RLA    
__SYSTEM_CHECK__          002E47 REA    __SYSCHK_END__            002EF6 RLA    
__MAIN_START__            003000 RLA    start                     003001 RLA    
_exit                     003041 RLA    em_libref                 003041 RLA    
__LOWCODE_RUN__           003063 RLA    initheap                  003063  LAI   
initlib                   003073 RLA    detect                    00307F  LAI   
__CONSTRUCTOR_TABLE__     0030CA RLA    _main                     00360F RLA    
__directerrno             003681 RLA    __mappederrno             00368B RLA    
__printf                  00378E RLA    __seterrno                003A40 RLA    
tosaddax                  003A4B RLA    addysp                    003A66 RLA    
axlong                    003A73 RLA    axulong                   003A79 RLA    
callmain                  003A80 RLA    _close                    003A97 RLA    
donelib                   003AB5 RLA    decax1                    003AC1 RLA    
decax4                    003AC8 RLA    decsp1                    003ACF RLA    
decsp2                    003AD8 RLA    decsp4                    003AE5 RLA    
decsp6                    003AF2 RLA    decsp8                    003AFF RLA    
__do_oserror              003B0C RLA    _doesclrscrafterexit      003B10 RLA    
_em_load_driver           003B16 RLA    fdtoiocb_down             003B70 RLA    
clriocb                   003BB7 RLA    fddecusage                003BC4 RLA    
newfd                     003BF2 RLA    fdtoiocb                  003CF3 RLA    
_fgetc                    003D15 RLA    findfreeiocb              003DA1 RLA    
_free                     003DB6 RLA    _mod_free                 003DB6 REA    
_fwrite                   003F89 RLA    _getchar                  004004 RLA    
__getdefdev               00400D  LAI   fdt_to_fdi                004071 RLA    
tosicmp                   00409C RLA    incsp1                    0040C8 RLA    
popax                     0040CF RLA    incsp2                    0040D7 RLA    
incsp3                    0040E5 RLA    incsp4                    0040EA RLA    
incsp6                    0040EF RLA    incsp8                    0040F4 RLA    
__inviocb                 0040F9 RLA    __is_cmdline_dos          0040FE RLA    
ldaxidx                   004109 RLA    ldax0sp                   004114 RLA    
ldaxysp                   004116 RLA    leaa0sp                   00411D RLA    
negeax                    004129 RLA    pusheax                   004150 RLA    
_ltoa                     004180 RLA    _ultoa                    0041C1 RLA    
boolne                    0041FD RLA    _malloc                   004229 RLA    
_memcpy                   004337 RLA    _bzero                    004373 RLA    
_mod_load                 0044AB RLA    tosumulax                 0045D5 RLA    
tosumula0                 00461A RLA    mul8x16                   00461C RLA    
mul8x16a                  004626 RLA    _open                     004654 RLA    
closeallfiles             004705  LAI   __osmaperrno              004714 RLA    
popptr1                   00472E RLA    _opendir                  00473C RLA    
_readdir                  00479B RLA    _closedir                 004814 RLA    
_printf                   004829 RLA    push1                     00485C RLA    
pusha                     004865 RLA    push0                     004877 RLA    
pusha0                    004879 RLA    pushax                    00487B RLA    
pushw0sp                  004891 RLA    pushwysp                  004893 RLA    
_read                     0048AD RLA    _realloc                  004987 RLA    
regswap2                  004ACC RLA    return0                   004AE2 RLA    
__rwsetup                 004AE6 RLA    stax0sp                   004B13 RLA    
staxysp                   004B15 RLA    _strcpy                   004B1E RLA    
_strcasecmp               004B3D RLA    _strlen                   004B7C RLA    
_strlower                 004B92 RLA    _strrchr                  004BBA RLA    
subeqysp                  004BE0 RLA    subysp                    004BF3 RLA    
ucase_fn                  004C00 RLA    tosudivax                 004C5C RLA    
_vfprintf                 004CE1 RLA    _write                    004D0A RLA    
zerobss                   004D32 RLA    __hextab                  005002 RLA    
__longminstr              005012 RLA    __ctype                   00501E RLA    
_em_install               005122 RLA    em_clear_ptr              005165 RLA    
__DESTRUCTOR_TABLE__      0051AF RLA    _stdin                    0051E1 RLA    
_stdout                   0051E3 RLA    __heapptr                 0051E9 RLA    
__heapend                 0051EB RLA    __heapfirst               0051ED RLA    
__heaplast                0051EF RLA    __dos_type                00521D RLA    
_em_pagecount             005224 REA    emd_pagecount             005224 RLA    
_em_copyfrom              005230 REA    emd_copyfrom              005230 RLA    
_em_copyto                005233 REA    emd_copyto                005233 RLA    
fd_index                  005240 RLA    fd_table                  00524C RLA    
__defdev                  00526F RLA    __BSS_LOAD__              005285 RLA    
__BSS_RUN__               005285 RLA    __oserror                 005285 RLA    
_em_drv                   0052B6 RLA    __errno                   0052B8 RLA    



Imports list:
-------------
__AUTOSTART__ (exetrailer.o):
    [linker generated]        /usr/share/cc65/cfg/atari-overlay.cfg(7)
__BSS_LOAD__ ([linker generated]):
    exehdr.o                  atari/exehdr.s(4)
__BSS_RUN__ ([linker generated]):
    _heap.o                   common/_heap.s(8)
    zerobss.o                 common/zerobss.s(8)
    system_check.o            atari/system_check.s(23)
__BSS_SIZE__ ([linker generated]):
    _heap.o                   common/_heap.s(8)
    zerobss.o                 common/zerobss.s(8)
    system_check.o            atari/system_check.s(23)
__CONSTRUCTOR_COUNT__ ([linker generated]):
    condes.o                  runtime/condes.s(18)
__CONSTRUCTOR_TABLE__ ([linker generated]):
    condes.o                  runtime/condes.s(18)
__DESTRUCTOR_COUNT__ ([linker generated]):
    condes.o                  runtime/condes.s(19)
__DESTRUCTOR_TABLE__ ([linker generated]):
    condes.o                  runtime/condes.s(19)
__EXEHDR__ (exehdr.o):
    [linker generated]        /usr/share/cc65/cfg/atari-overlay.cfg(5)
__LOWCODE_RUN__ ([linker generated]):
    crt0.o                    atari/crt0.s(18)
__LOWCODE_SIZE__ ([linker generated]):
    crt0.o                    atari/crt0.s(18)
__MAIN_START__ ([linker generated]):
    exehdr.o                  atari/exehdr.s(4)
__OVERLAY1_LOAD__ ([linker generated]):
    multidemo.o               multidemo.s(67)
__OVERLAY1_SIZE__ ([linker generated]):
    multidemo.o               multidemo.s(68)
__OVERLAY2_LOAD__ ([linker generated]):
    multidemo.o               multidemo.s(69)
__OVERLAY2_SIZE__ ([linker generated]):
    multidemo.o               multidemo.s(70)
__OVERLAY3_LOAD__ ([linker generated]):
    multidemo.o               multidemo.s(71)
__OVERLAY3_SIZE__ ([linker generated]):
    multidemo.o               multidemo.s(72)
__OVERLAYSIZE__ ([linker generated]):
    [linker generated]        /usr/share/cc65/cfg/atari-overlay.cfg(38)
    [linker generated]        /usr/share/cc65/cfg/atari-overlay.cfg(37)
    [linker generated]        /usr/share/cc65/cfg/atari-overlay.cfg(36)
    [linker generated]        /usr/share/cc65/cfg/atari-overlay.cfg(35)
    [linker generated]        /usr/share/cc65/cfg/atari-overlay.cfg(34)
    [linker generated]        /usr/share/cc65/cfg/atari-overlay.cfg(33)
    [linker generated]        /usr/share/cc65/cfg/atari-overlay.cfg(32)
    [linker generated]        /usr/share/cc65/cfg/atari-overlay.cfg(31)
    [linker generated]        /usr/share/cc65/cfg/atari-overlay.cfg(30)
    [linker generated]        /usr/share/cc65/cfg/atari-overlay.cfg(26)
    [linker generated]        /usr/share/cc65/cfg/atari-overlay.cfg(26)
__RESERVED_MEMORY__ ([linker generated]):
    system_check.o            atari/system_check.s(25)
    crt0.o                    atari/crt0.s(16)
    [linker generated]        /usr/share/cc65/cfg/atari-overlay.cfg(26)
__STACKSIZE__ ([linker generated]):
    _heap.o                   common/_heap.s(8)
    system_check.o            atari/system_check.s(24)
    [linker generated]        /usr/share/cc65/cfg/atari-overlay.cfg(26)
__STARTADDRESS__ ([linker generated]):
    system_check.o            atari/system_check.s(20)
__STARTUP__ (crt0.o):
    multidemo.o               multidemo.s(24)
__SYSCHKHDR__ (system_check_hdr.o):
    system_check.o            atari/system_check.s(28)
__SYSCHKTRL__ (system_check_trailer.o):
    system_check.o            atari/system_check.s(28)
__SYSCHK_END__ (system_check.o):
    system_check_hdr.o        atari/system_check_hdr.s(7)
__SYSCHK_LOAD__ ([linker generated]):
    system_check_hdr.o        atari/system_check_hdr.s(7)
__SYSTEM_CHECK__ (system_check.o):
    system_check_trailer.o    atari/system_check_trailer.s(7)
    [linker generated]        /usr/share/cc65/cfg/atari-overlay.cfg(6)
__ZP_START__ ([linker generated]):
    modload.o                 common/modload.s(42)
__ctype (ctype.o):
    strlower.o                common/strlower.s(13)
    stricmp.o                 common/stricmp.s(10)
__defdev (getdefdev.o):
    ucase_fn.o                atari/ucase_fn.s(25)
    posixdirent.o             atari/posixdirent.s(10)
__directerrno (_directerrno.o):
    open.o                    /build/cc65-cMn3ks/cc65-2.18/asminc/errno.inc(10)
    inviocb.o                 /build/cc65-cMn3ks/cc65-2.18/asminc/errno.inc(10)
__do_oserror (do_oserr.o):
    write.o                   atari/write.s(5)
    read.o                    atari/read.s(8)
    posixdirent.o             atari/posixdirent.s(7)
    close.o                   atari/close.s(9)
__dos_type (dosdetect.o):
    getdefdev.o               atari/getdefdev.s(22)
    is_cmdline_dos.o          atari/is_cmdline_dos.s(10)
__errno (errno.o):
    _seterrno.o               /build/cc65-cMn3ks/cc65-2.18/asminc/errno.inc(7)
__heapend (_heap.o):
    malloc.o                  /build/cc65-cMn3ks/cc65-2.18/asminc/_heap.inc(33)
    realloc.o                 ../libwrk/atari/realloc.s(18)
__heapfirst (_heap.o):
    malloc.o                  /build/cc65-cMn3ks/cc65-2.18/asminc/_heap.inc(34)
    free.o                    /build/cc65-cMn3ks/cc65-2.18/asminc/_heap.inc(34)
__heaplast (_heap.o):
    malloc.o                  /build/cc65-cMn3ks/cc65-2.18/asminc/_heap.inc(35)
    free.o                    /build/cc65-cMn3ks/cc65-2.18/asminc/_heap.inc(35)
__heapptr (_heap.o):
    malloc.o                  /build/cc65-cMn3ks/cc65-2.18/asminc/_heap.inc(32)
    realloc.o                 ../libwrk/atari/realloc.s(17)
    free.o                    /build/cc65-cMn3ks/cc65-2.18/asminc/_heap.inc(32)
__hextab (_hextab.o):
    ltoa.o                    common/ltoa.s(10)
__inviocb (inviocb.o):
    write.o                   atari/write.s(5)
    read.o                    atari/read.s(8)
    close.o                   atari/close.s(10)
__is_cmdline_dos (is_cmdline_dos.o):
    doesclrscr.o              atari/doesclrscr.s(10)
__longminstr (_longminstr.o):
    ltoa.o                    common/ltoa.s(10)
__mappederrno (_mappederrno.o):
    open.o                    /build/cc65-cMn3ks/cc65-2.18/asminc/errno.inc(10)
    do_oserr.o                /build/cc65-cMn3ks/cc65-2.18/asminc/errno.inc(10)
__oserror (_oserror.o):
    write.o                   atari/write.s(5)
    _mappederrno.o            /build/cc65-cMn3ks/cc65-2.18/asminc/errno.inc(7)
    _directerrno.o            /build/cc65-cMn3ks/cc65-2.18/asminc/errno.inc(7)
    read.o                    atari/read.s(8)
    posixdirent.o             atari/posixdirent.s(7)
    open.o                    /build/cc65-cMn3ks/cc65-2.18/asminc/errno.inc(7)
    close.o                   atari/close.s(9)
__osmaperrno (oserror.o):
    _mappederrno.o            /build/cc65-cMn3ks/cc65-2.18/asminc/errno.inc(8)
__printf (_printf.o):
    vfprintf.o                common/vfprintf.s(10)
__rwsetup (rwcommon.o):
    write.o                   atari/write.s(5)
    read.o                    atari/read.s(8)
__seterrno (_seterrno.o):
    fwrite.o                  /build/cc65-cMn3ks/cc65-2.18/asminc/errno.inc(9)
    _mappederrno.o            /build/cc65-cMn3ks/cc65-2.18/asminc/errno.inc(9)
    _directerrno.o            /build/cc65-cMn3ks/cc65-2.18/asminc/errno.inc(9)
_bzero (memset.o):
    modload.o                 common/modload.s(41)
_close (close.o):
    open.o                    atari/open.s(16)
    em_load.o                 em/em_load.s(18)
    multidemo.o               multidemo.s(65)
_closedir (posixdirent.o):
    multidemo.o               multidemo.s(58)
_doesclrscrafterexit (doesclrscr.o):
    multidemo.o               multidemo.s(63)
_em_copyfrom (em_copyfrom.o):
    multidemo.o               multidemo.s(61)
_em_copyto (em_copyto.o):
    multidemo.o               multidemo.s(62)
_em_drv (em-kernel.o):
    em_load.o                 /build/cc65-cMn3ks/cc65-2.18/asminc/em-kernel.inc(74)
_em_install (em-kernel.o):
    em_load.o                 /build/cc65-cMn3ks/cc65-2.18/asminc/em-kernel.inc(98)
_em_load_driver (em_load.o):
    multidemo.o               multidemo.s(59)
_em_pagecount (em_pagecount.o):
    multidemo.o               multidemo.s(60)
_exit (crt0.o):
    libref.o                  atari/libref.s(6)
_fgetc (fgetc.o):
    getchar.o                 ../libwrk/atari/getchar.s(14)
_free (free.o):
    realloc.o                 ../libwrk/atari/realloc.s(15)
    modload.o                 common/modload.s(41)
    modfree.o                 common/modfree.s(36)
    multidemo.o               multidemo.s(55)
_fwrite (fwrite.o):
    vfprintf.o                common/vfprintf.s(10)
_getchar (getchar.o):
    multidemo.o               multidemo.s(52)
_ltoa (ltoa.o):
    _printf.o                 common/_printf.s(12)
_main (multidemo.o):
    callmain.o                runtime/callmain.s(11)
_malloc (malloc.o):
    realloc.o                 ../libwrk/atari/realloc.s(13)
    modload.o                 common/modload.s(41)
_memcpy (memcpy.o):
    realloc.o                 ../libwrk/atari/realloc.s(16)
_mod_free (modfree.o):
    em_load.o                 /build/cc65-cMn3ks/cc65-2.18/asminc/modload.inc(66)
_mod_load (modload.o):
    em_load.o                 /build/cc65-cMn3ks/cc65-2.18/asminc/modload.inc(60)
_open (open.o):
    em_load.o                 em/em_load.s(16)
    multidemo.o               multidemo.s(64)
_opendir (posixdirent.o):
    multidemo.o               multidemo.s(56)
_printf (printf.o):
    multidemo.o               multidemo.s(53)
_read (read.o):
    fgetc.o                   ../libwrk/atari/fgetc.s(14)
    em_load.o                 em/em_load.s(17)
    multidemo.o               multidemo.s(66)
_readdir (posixdirent.o):
    multidemo.o               multidemo.s(57)
_realloc (realloc.o):
    multidemo.o               multidemo.s(54)
_stdin (_file.o):
    getchar.o                 ../libwrk/atari/getchar.s(13)
_stdout (_file.o):
    printf.o                  common/printf.s(8)
_strcasecmp (stricmp.o):
    multidemo.o               multidemo.s(51)
_strcpy (strcpy.o):
    multidemo.o               multidemo.s(49)
_strlen (strlen.o):
    _printf.o                 common/_printf.s(13)
_strlower (strlower.o):
    _printf.o                 common/_printf.s(13)
_strrchr (strrchr.o):
    multidemo.o               multidemo.s(50)
_ultoa (ltoa.o):
    _printf.o                 common/_printf.s(12)
_vfprintf (vfprintf.o):
    printf.o                  common/printf.s(8)
_write (write.o):
    fwrite.o                  common/fwrite.s(10)
addysp (addysp.o):
    incsp6.o                  runtime/incsp6.s(8)
    incsp4.o                  runtime/incsp4.s(8)
    fwrite.o                  common/fwrite.s(11)
    ucase_fn.o                atari/ucase_fn.s(28)
    realloc.o                 ../libwrk/atari/realloc.s(194)
    printf.o                  common/printf.s(8)
    open.o                    atari/open.s(21)
    incsp8.o                  runtime/incsp8.s(8)
    incsp3.o                  runtime/incsp3.s(8)
    multidemo.o               multidemo.s(1455)
axlong (axlong.o):
    _printf.o                 common/_printf.s(11)
axulong (axlong.o):
    _printf.o                 common/_printf.s(11)
boolne (makebool.o):
    multidemo.o               multidemo.s(1455)
callmain (callmain.o):
    crt0.o                    atari/crt0.s(15)
clriocb (fdtable.o):
    posixdirent.o             atari/posixdirent.s(6)
    open.o                    atari/open.s(17)
decax1 (decax1.o):
    modload.o                 common/modload.s(40)
decax4 (decax4.o):
    realloc.o                 ../libwrk/atari/realloc.s(194)
decsp1 (decsp1.o):
    fgetc.o                   ../libwrk/atari/fgetc.s(96)
    multidemo.o               multidemo.s(1455)
    multidemo.o               multidemo.s(1455)
decsp2 (decsp2.o):
    multidemo.o               multidemo.s(1455)
    multidemo.o               multidemo.s(1455)
decsp4 (decsp4.o):
    lpush.o                   runtime/lpush.s(12)
    multidemo.o               multidemo.s(1455)
    multidemo.o               multidemo.s(1455)
decsp6 (decsp6.o):
    _printf.o                 common/_printf.s(11)
    realloc.o                 ../libwrk/atari/realloc.s(194)
decsp8 (decsp8.o):
    multidemo.o               multidemo.s(1455)
    multidemo.o               multidemo.s(1455)
donelib (condes.o):
    crt0.o                    atari/crt0.s(14)
em_clear_ptr (em-kernel.o):
    em_load.o                 /build/cc65-cMn3ks/cc65-2.18/asminc/em-kernel.inc(91)
em_libref (libref.o):
    em-kernel.o               em/em-kernel.s(7)
emd_copyfrom (em-kernel.o):
    em_copyfrom.o             /build/cc65-cMn3ks/cc65-2.18/asminc/em-kernel.inc(85)
emd_copyto (em-kernel.o):
    em_copyto.o               /build/cc65-cMn3ks/cc65-2.18/asminc/em-kernel.inc(86)
emd_pagecount (em-kernel.o):
    em_pagecount.o            /build/cc65-cMn3ks/cc65-2.18/asminc/em-kernel.inc(81)
fd_index (fdtab.o):
    fdtoiocb.o                atari/fdtoiocb.s(10)
    getfd.o                   atari/getfd.s(11)
    fdtable.o                 atari/fdtable.s(10)
fd_table (fdtab.o):
    fdtoiocb.o                atari/fdtoiocb.s(10)
    getfd.o                   atari/getfd.s(11)
    fdtable.o                 atari/fdtable.s(10)
fddecusage (fdtable.o):
    open.o                    atari/open.s(18)
fdt_to_fdi (getfd.o):
    fdtable.o                 atari/fdtable.s(11)
fdtoiocb (fdtoiocb.o):
    rwcommon.o                atari/rwcommon.s(8)
fdtoiocb_down (fdtable.o):
    close.o                   atari/close.s(10)
findfreeiocb (findfreeiocb.o):
    posixdirent.o             atari/posixdirent.s(6)
    open.o                    atari/open.s(19)
incsp1 (incsp1.o):
    multidemo.o               multidemo.s(1455)
incsp2 (incsp2.o):
    popptr1.o                 runtime/popptr1.s(8)
    multidemo.o               multidemo.s(1455)
    multidemo.o               multidemo.s(1455)
    multidemo.o               multidemo.s(1455)
incsp3 (incsp3.o):
    fgetc.o                   ../libwrk/atari/fgetc.s(96)
    multidemo.o               multidemo.s(1455)
incsp4 (incsp4.o):
    open.o                    atari/open.s(20)
incsp6 (incsp6.o):
    fwrite.o                  common/fwrite.s(11)
    vfprintf.o                common/vfprintf.s(9)
incsp8 (incsp8.o):
    multidemo.o               multidemo.s(1455)
    multidemo.o               multidemo.s(1455)
initlib (condes.o):
    crt0.o                    atari/crt0.s(14)
ldax0sp (ldaxsp.o):
    realloc.o                 ../libwrk/atari/realloc.s(194)
ldaxidx (ldaxi.o):
    realloc.o                 ../libwrk/atari/realloc.s(194)
ldaxysp (ldaxsp.o):
    fwrite.o                  common/fwrite.s(11)
    realloc.o                 ../libwrk/atari/realloc.s(194)
    open.o                    atari/open.s(21)
leaa0sp (leaaxsp.o):
    fgetc.o                   ../libwrk/atari/fgetc.s(96)
mul8x16 (mul8.o):
    mul.o                     runtime/mul.s(8)
mul8x16a (mul8.o):
    mul.o                     runtime/mul.s(8)
negeax (lneg.o):
    ltoa.o                    common/ltoa.s(9)
newfd (fdtable.o):
    open.o                    atari/open.s(18)
popax (incsp2.o):
    memset.o                  common/memset.s(19)
    memcpy.o                  common/memcpy.s(14)
    ltoa.o                    common/ltoa.s(9)
    _printf.o                 common/_printf.s(11)
    strrchr.o                 common/strrchr.s(9)
    strcpy.o                  common/strcpy.s(8)
    rwcommon.o                atari/rwcommon.s(7)
popptr1 (popptr1.o):
    udiv.o                    runtime/udiv.s(9)
    mul.o                     runtime/mul.s(9)
    memcpy.o                  common/memcpy.s(14)
    ltoa.o                    common/ltoa.s(9)
    stricmp.o                 common/stricmp.s(9)
    mul8.o                    runtime/mul8.s(9)
ptr1 (zeropage.o):
    udiv.o                    runtime/udiv.s(10)
    strlower.o                common/strlower.s(14)
    mul.o                     runtime/mul.s(10)
    memset.o                  common/memset.s(20)
    memcpy.o                  common/memcpy.s(15)
    malloc.o                  common/malloc.s(108)
    ltoa.o                    common/ltoa.s(11)
    ldaxi.o                   runtime/ldaxi.s(8)
    fwrite.o                  common/fwrite.s(14)
    em-kernel.o               em/em-kernel.s(8)
    _printf.o                 /build/cc65-cMn3ks/cc65-2.18/asminc/zeropage.inc(12)
    zerobss.o                 common/zerobss.s(9)
    vfprintf.o                common/vfprintf.s(11)
    strrchr.o                 common/strrchr.s(10)
    stricmp.o                 common/stricmp.s(11)
    strcpy.o                  common/strcpy.s(9)
    printf.o                  common/printf.s(9)
    posixdirent.o             atari/posixdirent.s(8)
    popptr1.o                 runtime/popptr1.s(9)
    mul8.o                    runtime/mul8.s(10)
    free.o                    common/free.s(62)
    multidemo.o               multidemo.s(11)
ptr2 (zeropage.o):
    strlower.o                common/strlower.s(14)
    strlen.o                  common/strlen.s(12)
    memset.o                  common/memset.s(20)
    memcpy.o                  common/memcpy.s(15)
    malloc.o                  common/malloc.s(108)
    ltoa.o                    common/ltoa.s(11)
    _printf.o                 /build/cc65-cMn3ks/cc65-2.18/asminc/zeropage.inc(12)
    stricmp.o                 common/stricmp.s(11)
    strcpy.o                  common/strcpy.s(9)
    free.o                    common/free.s(62)
ptr3 (zeropage.o):
    memset.o                  common/memset.s(20)
    memcpy.o                  common/memcpy.s(15)
    malloc.o                  common/malloc.s(108)
    ltoa.o                    common/ltoa.s(11)
    free.o                    common/free.s(62)
ptr4 (zeropage.o):
    udiv.o                    runtime/udiv.s(10)
    mul.o                     runtime/mul.s(10)
    ucase_fn.o                atari/ucase_fn.s(27)
    mul8.o                    runtime/mul8.s(10)
    free.o                    common/free.s(62)
    fdtable.o                 atari/fdtable.s(9)
push0 (pushax.o):
    multidemo.o               multidemo.s(1455)
    multidemo.o               multidemo.s(1455)
push1 (push1.o):
    _printf.o                 common/_printf.s(11)
    vfprintf.o                common/vfprintf.s(9)
pusha (pusha.o):
    multidemo.o               multidemo.s(1455)
    multidemo.o               multidemo.s(1455)
pusha0 (pushax.o):
    push1.o                   runtime/push1.s(8)
    fgetc.o                   ../libwrk/atari/fgetc.s(96)
    em_load.o                 em/em_load.s(14)
    multidemo.o               multidemo.s(1455)
    multidemo.o               multidemo.s(1455)
    multidemo.o               multidemo.s(1455)
pushax (pushax.o):
    fwrite.o                  common/fwrite.s(11)
    fgetc.o                   ../libwrk/atari/fgetc.s(96)
    callmain.o                runtime/callmain.s(11)
    _printf.o                 common/_printf.s(11)
    realloc.o                 ../libwrk/atari/realloc.s(194)
    printf.o                  common/printf.s(8)
    modload.o                 common/modload.s(40)
    em_load.o                 em/em_load.s(13)
    multidemo.o               multidemo.s(1455)
    multidemo.o               multidemo.s(1455)
    multidemo.o               multidemo.s(1455)
    multidemo.o               multidemo.s(1455)
pusheax (lpush.o):
    _printf.o                 common/_printf.s(11)
pushw0sp (pushwsp.o):
    multidemo.o               multidemo.s(1455)
    multidemo.o               multidemo.s(1455)
pushwysp (pushwsp.o):
    fwrite.o                  common/fwrite.s(11)
    vfprintf.o                common/vfprintf.s(9)
    realloc.o                 ../libwrk/atari/realloc.s(194)
    multidemo.o               multidemo.s(1455)
    multidemo.o               multidemo.s(1455)
regbank (zeropage.o):
    fgetc.o                   ../libwrk/atari/fgetc.s(10)
    _printf.o                 /build/cc65-cMn3ks/cc65-2.18/asminc/zeropage.inc(14)
    regswap2.o                runtime/regswap2.s(8)
    realloc.o                 ../libwrk/atari/realloc.s(10)
    modload.o                 /build/cc65-cMn3ks/cc65-2.18/asminc/zeropage.inc(14)
regswap2 (regswap2.o):
    fgetc.o                   ../libwrk/atari/fgetc.s(96)
    realloc.o                 ../libwrk/atari/realloc.s(194)
return0 (return0.o):
    em-kernel.o               em/em-kernel.s(7)
    posixdirent.o             atari/posixdirent.s(7)
sp (zeropage.o):
    subysp.o                  runtime/subysp.s(9)
    memset.o                  common/memset.s(20)
    memcpy.o                  common/memcpy.s(15)
    lpush.o                   runtime/lpush.s(13)
    leaaxsp.o                 runtime/leaaxsp.s(8)
    ldaxsp.o                  runtime/ldaxsp.s(8)
    fgetc.o                   ../libwrk/atari/fgetc.s(10)
    decsp6.o                  runtime/decsp6.s(8)
    _printf.o                 /build/cc65-cMn3ks/cc65-2.18/asminc/zeropage.inc(11)
    _heap.o                   common/_heap.s(9)
    vfprintf.o                common/vfprintf.s(11)
    ucase_fn.o                atari/ucase_fn.s(27)
    subeqsp.o                 runtime/subeqsp.s(8)
    staxsp.o                  runtime/staxsp.s(8)
    regswap2.o                runtime/regswap2.s(8)
    realloc.o                 ../libwrk/atari/realloc.s(10)
    pushwsp.o                 runtime/pushwsp.s(8)
    pushax.o                  runtime/pushax.s(8)
    pusha.o                   runtime/pusha.s(8)
    printf.o                  common/printf.s(9)
    popptr1.o                 runtime/popptr1.s(9)
    incsp2.o                  runtime/incsp2.s(8)
    incsp1.o                  runtime/incsp1.s(8)
    icmp.o                    runtime/icmp.s(9)
    fdtable.o                 atari/fdtable.s(9)
    decsp8.o                  runtime/decsp8.s(8)
    decsp4.o                  runtime/decsp4.s(8)
    decsp2.o                  runtime/decsp2.s(8)
    decsp1.o                  runtime/decsp1.s(8)
    crt0.o                    /build/cc65-cMn3ks/cc65-2.18/asminc/zeropage.inc(11)
    addysp.o                  runtime/addysp.s(8)
    add.o                     runtime/add.s(12)
    multidemo.o               multidemo.s(10)
sreg (zeropage.o):
    lneg.o                    runtime/lneg.s(11)
    udiv.o                    runtime/udiv.s(10)
    ltoa.o                    common/ltoa.s(11)
    lpush.o                   runtime/lpush.s(13)
    axlong.o                  runtime/axlong.s(9)
    _printf.o                 /build/cc65-cMn3ks/cc65-2.18/asminc/zeropage.inc(11)
    icmp.o                    runtime/icmp.s(9)
start (crt0.o):
    exetrailer.o              atari/exetrailer.s(4)
stax0sp (staxsp.o):
    realloc.o                 ../libwrk/atari/realloc.s(194)
    multidemo.o               multidemo.s(1455)
    multidemo.o               multidemo.s(1455)
staxysp (staxsp.o):
    realloc.o                 ../libwrk/atari/realloc.s(194)
    multidemo.o               multidemo.s(1455)
    multidemo.o               multidemo.s(1455)
    multidemo.o               multidemo.s(1455)
subeqysp (subeqsp.o):
    realloc.o                 ../libwrk/atari/realloc.s(194)
subysp (subysp.o):
    ucase_fn.o                atari/ucase_fn.s(28)
tmp1 (zeropage.o):
    mul.o                     runtime/mul.s(10)
    ltoa.o                    common/ltoa.s(11)
    _printf.o                 /build/cc65-cMn3ks/cc65-2.18/asminc/zeropage.inc(13)
    strrchr.o                 common/strrchr.s(10)
    stricmp.o                 common/stricmp.s(11)
    realloc.o                 ../libwrk/atari/realloc.s(11)
    posixdirent.o             atari/posixdirent.s(8)
    getfd.o                   atari/getfd.s(10)
    fdtable.o                 atari/fdtable.s(9)
    add.o                     runtime/add.s(12)
    multidemo.o               multidemo.s(11)
tmp2 (zeropage.o):
    ucase_fn.o                atari/ucase_fn.s(24)
    strrchr.o                 common/strrchr.s(10)
    open.o                    /build/cc65-cMn3ks/cc65-2.18/asminc/zeropage.inc(13)
    fdtable.o                 atari/fdtable.s(9)
tmp3 (zeropage.o):
    ucase_fn.o                atari/ucase_fn.s(27)
    open.o                    /build/cc65-cMn3ks/cc65-2.18/asminc/zeropage.inc(13)
    fdtable.o                 atari/fdtable.s(9)
tmp4 (zeropage.o):
    open.o                    /build/cc65-cMn3ks/cc65-2.18/asminc/zeropage.inc(13)
tosaddax (add.o):
    multidemo.o               multidemo.s(1455)
tosicmp (icmp.o):
    multidemo.o               multidemo.s(1455)
tosudivax (udiv.o):
    fwrite.o                  common/fwrite.s(12)
tosumula0 (mul8.o):
    multidemo.o               multidemo.s(1455)
tosumulax (mul.o):
    fwrite.o                  common/fwrite.s(12)
ucase_fn (ucase_fn.o):
    open.o                    atari/open.s(24)
zerobss (zerobss.o):
    crt0.o                    atari/crt0.s(15)

