Modules list:
-------------
sieve.o:
    CODE              Offs=000000  Size=000200  Align=00001  Fill=0000
    RODATA            Offs=000000  Size=0000BB  Align=00001  Fill=0000
    BSS               Offs=000000  Size=004008  Align=00001  Fill=0000
/usr/share/cc65/lib/atari.lib(_cursor.o):
    BSS               Offs=004008  Size=000001  Align=00001  Fill=0000
/usr/share/cc65/lib/atari.lib(_directerrno.o):
    CODE              Offs=000200  Size=00000A  Align=00001  Fill=0000
/usr/share/cc65/lib/atari.lib(_file.o):
    DATA              Offs=000000  Size=00001E  Align=00001  Fill=0000
/usr/share/cc65/lib/atari.lib(_hextab.o):
    RODATA            Offs=0000BB  Size=000010  Align=00001  Fill=0000
/usr/share/cc65/lib/atari.lib(_longminstr.o):
    RODATA            Offs=0000CB  Size=00000C  Align=00001  Fill=0000
/usr/share/cc65/lib/atari.lib(_mappederrno.o):
    CODE              Offs=00020A  Size=000010  Align=00001  Fill=0000
/usr/share/cc65/lib/atari.lib(_oserror.o):
    BSS               Offs=004009  Size=000001  Align=00001  Fill=0000
/usr/share/cc65/lib/atari.lib(_printf.o):
    CODE              Offs=00021A  Size=0003A5  Align=00001  Fill=0000
    BSS               Offs=00400A  Size=00002B  Align=00001  Fill=0000
    DATA              Offs=00001E  Size=000003  Align=00001  Fill=0000
/usr/share/cc65/lib/atari.lib(_seterrno.o):
    CODE              Offs=0005BF  Size=000009  Align=00001  Fill=0000
/usr/share/cc65/lib/atari.lib(addysp.o):
    CODE              Offs=0005C8  Size=00000E  Align=00001  Fill=0000
/usr/share/cc65/lib/atari.lib(axlong.o):
    CODE              Offs=0005D6  Size=00000D  Align=00001  Fill=0000
/usr/share/cc65/lib/atari.lib(callmain.o):
    CODE              Offs=0005E3  Size=000017  Align=00001  Fill=0000
    DATA              Offs=000021  Size=000004  Align=00001  Fill=0000
/usr/share/cc65/lib/atari.lib(cgetc.o):
    CODE              Offs=0005FA  Size=000016  Align=00001  Fill=0000
/usr/share/cc65/lib/atari.lib(clock.o):
    CODE              Offs=000610  Size=000022  Align=00001  Fill=0000
/usr/share/cc65/lib/atari.lib(condes.o):
    CODE              Offs=000632  Size=00000C  Align=00001  Fill=0000
    DATA              Offs=000025  Size=000025  Align=00001  Fill=0000
    ONCE              Offs=000000  Size=00000C  Align=00001  Fill=0000
/usr/share/cc65/lib/atari.lib(crt0.o):
    BSS               Offs=004035  Size=000005  Align=00001  Fill=0000
    STARTUP           Offs=000000  Size=000063  Align=00001  Fill=0000
/usr/share/cc65/lib/atari.lib(ctype.o):
    RODATA            Offs=0000D7  Size=000100  Align=00001  Fill=0000
/usr/share/cc65/lib/atari.lib(decsp4.o):
    CODE              Offs=00063E  Size=00000D  Align=00001  Fill=0000
/usr/share/cc65/lib/atari.lib(decsp6.o):
    CODE              Offs=00064B  Size=00000D  Align=00001  Fill=0000
/usr/share/cc65/lib/atari.lib(do_oserr.o):
    CODE              Offs=000658  Size=000004  Align=00001  Fill=0000
/usr/share/cc65/lib/atari.lib(errno.o):
    BSS               Offs=00403A  Size=000002  Align=00001  Fill=0000
/usr/share/cc65/lib/atari.lib(exehdr.o):
    EXEHDR            Offs=000000  Size=000002  Align=00001  Fill=0000
    MAINHDR           Offs=000000  Size=000004  Align=00001  Fill=0000
/usr/share/cc65/lib/atari.lib(exetrailer.o):
    AUTOSTRT          Offs=000000  Size=000006  Align=00001  Fill=0000
/usr/share/cc65/lib/atari.lib(fdtab.o):
    DATA              Offs=00004A  Size=00002C  Align=00001  Fill=0000
/usr/share/cc65/lib/atari.lib(fdtoiocb.o):
    CODE              Offs=00065C  Size=000022  Align=00001  Fill=0000
/usr/share/cc65/lib/atari.lib(fwrite.o):
    CODE              Offs=00067E  Size=00007B  Align=00001  Fill=0000
    BSS               Offs=00403C  Size=000002  Align=00001  Fill=0000
/usr/share/cc65/lib/atari.lib(incsp2.o):
    CODE              Offs=0006F9  Size=000016  Align=00001  Fill=0000
/usr/share/cc65/lib/atari.lib(incsp6.o):
    CODE              Offs=00070F  Size=000005  Align=00001  Fill=0000
/usr/share/cc65/lib/atari.lib(inviocb.o):
    CODE              Offs=000714  Size=000005  Align=00001  Fill=0000
/usr/share/cc65/lib/atari.lib(kbhit.o):
    CODE              Offs=000719  Size=00000B  Align=00001  Fill=0000
/usr/share/cc65/lib/atari.lib(ldaxsp.o):
    CODE              Offs=000724  Size=000009  Align=00001  Fill=0000
/usr/share/cc65/lib/atari.lib(lmul.o):
    CODE              Offs=00072D  Size=00005C  Align=00001  Fill=0000
/usr/share/cc65/lib/atari.lib(lneg.o):
    CODE              Offs=000789  Size=00001E  Align=00001  Fill=0000
/usr/share/cc65/lib/atari.lib(lpush.o):
    CODE              Offs=0007A7  Size=000021  Align=00001  Fill=0000
/usr/share/cc65/lib/atari.lib(lsub.o):
    CODE              Offs=0007C8  Size=000027  Align=00001  Fill=0000
/usr/share/cc65/lib/atari.lib(ltoa.o):
    CODE              Offs=0007EF  Size=000095  Align=00001  Fill=0000
/usr/share/cc65/lib/atari.lib(ludiv.o):
    CODE              Offs=000884  Size=00007A  Align=00001  Fill=0000
/usr/share/cc65/lib/atari.lib(lumod.o):
    CODE              Offs=0008FE  Size=000019  Align=00001  Fill=0000
/usr/share/cc65/lib/atari.lib(mul.o):
    CODE              Offs=000917  Size=000045  Align=00001  Fill=0000
/usr/share/cc65/lib/atari.lib(mul40.o):
    CODE              Offs=00095C  Size=000021  Align=00001  Fill=0000
/usr/share/cc65/lib/atari.lib(mul8.o):
    CODE              Offs=00097D  Size=00003A  Align=00001  Fill=0000
/usr/share/cc65/lib/atari.lib(oserror.o):
    CODE              Offs=0009B7  Size=00001A  Align=00001  Fill=0000
    RODATA            Offs=0001D7  Size=000038  Align=00001  Fill=0000
/usr/share/cc65/lib/atari.lib(popptr1.o):
    CODE              Offs=0009D1  Size=00000E  Align=00001  Fill=0000
/usr/share/cc65/lib/atari.lib(printf.o):
    CODE              Offs=0009DF  Size=000033  Align=00001  Fill=0000
    BSS               Offs=00403E  Size=000001  Align=00001  Fill=0000
/usr/share/cc65/lib/atari.lib(push1.o):
    CODE              Offs=000A12  Size=000005  Align=00001  Fill=0000
/usr/share/cc65/lib/atari.lib(pushax.o):
    CODE              Offs=000A17  Size=00001A  Align=00001  Fill=0000
/usr/share/cc65/lib/atari.lib(pushwsp.o):
    CODE              Offs=000A31  Size=00001C  Align=00001  Fill=0000
/usr/share/cc65/lib/atari.lib(return1.o):
    CODE              Offs=000A4D  Size=000005  Align=00001  Fill=0000
/usr/share/cc65/lib/atari.lib(rwcommon.o):
    CODE              Offs=000A52  Size=00002D  Align=00001  Fill=0000
/usr/share/cc65/lib/atari.lib(setcursor.o):
    CODE              Offs=000A7F  Size=00003A  Align=00001  Fill=0000
/usr/share/cc65/lib/atari.lib(strlen.o):
    CODE              Offs=000AB9  Size=000016  Align=00001  Fill=0000
/usr/share/cc65/lib/atari.lib(strlower.o):
    CODE              Offs=000ACF  Size=000028  Align=00001  Fill=0000
/usr/share/cc65/lib/atari.lib(system_check.o):
    SYSCHK            Offs=000000  Size=0000F6  Align=00001  Fill=0000
/usr/share/cc65/lib/atari.lib(system_check_hdr.o):
    SYSCHKHDR         Offs=000000  Size=000004  Align=00001  Fill=0000
/usr/share/cc65/lib/atari.lib(system_check_trailer.o):
    SYSCHKTRL         Offs=000000  Size=000006  Align=00001  Fill=0000
/usr/share/cc65/lib/atari.lib(toupper.o):
    CODE              Offs=000AF7  Size=000010  Align=00001  Fill=0000
/usr/share/cc65/lib/atari.lib(udiv.o):
    CODE              Offs=000B07  Size=00004F  Align=00001  Fill=0000
/usr/share/cc65/lib/atari.lib(vfprintf.o):
    CODE              Offs=000B56  Size=000061  Align=00001  Fill=0000
    DATA              Offs=000076  Size=000008  Align=00001  Fill=0000
/usr/share/cc65/lib/atari.lib(write.o):
    CODE              Offs=000BB7  Size=000028  Align=00001  Fill=0000
/usr/share/cc65/lib/atari.lib(zerobss.o):
    CODE              Offs=000BDF  Size=000023  Align=00001  Fill=0000
/usr/share/cc65/lib/atari.lib(zeropage.o):
    ZEROPAGE          Offs=000000  Size=00001A  Align=00001  Fill=0000


Segment list:
-------------
Name                   Start     End    Size  Align
----------------------------------------------------
AUTOSTRT              000000  000005  000006  00001
EXEHDR                000000  000001  000002  00001
MAINHDR               000000  000003  000004  00001
SYSCHKHDR             000000  000003  000004  00001
SYSCHKTRL             000000  000005  000006  00001
ZEROPAGE              000082  00009B  00001A  00001
STARTUP               002000  002062  000063  00001
ONCE                  002063  00206E  00000C  00001
CODE                  00206F  002C70  000C02  00001
RODATA                002C71  002E7F  00020F  00001
SYSCHK                002E00  002EF5  0000F6  00001
DATA                  002E80  002EFD  00007E  00001
BSS                   002EFE  006F3C  00403F  00001


Exports list by name:
---------------------
__AUTOSTART__             000001 REA    __BSS_LOAD__              002EFE RLA    
__BSS_RUN__               002EFE RLA    __BSS_SIZE__              00403F REA    
__CONSTRUCTOR_COUNT__     000000 REA    __CONSTRUCTOR_TABLE__     00206F RLA    
__DESTRUCTOR_COUNT__      000000 REA    __DESTRUCTOR_TABLE__      002E80 RLA    
__EXEHDR__                000001 REA    __LOWCODE_RUN__           002063 RLA    
__LOWCODE_SIZE__          000000 REA    __MAIN_START__            002000 RLA    
__RESERVED_MEMORY__       000000 REA    __STACKSIZE__             000800 REA    
__STARTADDRESS__          002000 REA    __STARTUP__               000001 REA    
__SYSCHKHDR__             000001 REA    __SYSCHKTRL__             000001 REA    
__SYSCHK_END__            002EF6 RLA    __SYSCHK_LOAD__           002E00 RLA    
__SYSTEM_CHECK__          002E47 REA    __clocks_per_sec          002692 RLA    
__ctype                   002D48 RLA    __directerrno             00226F RLA    
__do_oserror              0026C7 RLA    __errno                   006F38 RLA    
__hextab                  002D2C RLA    __inviocb                 002783 RLA    
__longminstr              002D3C RLA    __mappederrno             002279 RLA    
__oserror                 006F07 RLA    __osmaperrno              002A26 RLA    
__printf                  00237C RLA    __rwsetup                 002AC1 RLA    
__seterrno                00262E RLA    _cgetc                    002669 RLA    
_clock                    00267F RLA    _fwrite                   0026ED RLA    
_kbhit                    002788 RLA    _ltoa                     002876 RLA    
_main                     00207A RLA    _mul40                    0029CB RLA    
_printf                   002A4E RLA    _stdout                   002E9A RLA    
_strlen                   002B28 RLA    _strlower                 002B3E RLA    
_toupper                  002B66 RLA    _ultoa                    0028B7 RLA    
_vfprintf                 002BFD RLA    _write                    002C26 RLA    
addysp                    002638 RLA    addysp1                   002637 RLA    
axlong                    002645 RLA    axulong                   00264B RLA    
callmain                  002652 RLA    cursor                    006F06 RLA    
decsp4                    0026AD RLA    decsp6                    0026BA RLA    
donelib                   0026A1 RLA    fd_index                  002ECA RLA    
fd_table                  002ED6 RLA    fdtoiocb                  0026CB RLA    
getlop                    002904 RLA    incsp2                    002770 RLA    
incsp6                    00277E RLA    initlib                   002063 RLA    
ldaxysp                   002795 RLA    mul8x16                   0029EE RLA    
mul8x16a                  0029F8 RLA    negeax                    0027F8 RLA    
popax                     002768 RLA    popptr1                   002A40 RLA    
ptr1                      00008A RLZ    ptr2                      00008C RLZ    
ptr3                      00008E RLZ    ptr4                      000090 RLZ    
push1                     002A81 RLA    pusha0                    002A88 RLA    
pushax                    002A8A RLA    pusheax                   00281F RLA    
pushwysp                  002AA2 RLA    regbank                   000096 RLZ    
return1                   002ABC RLA    setcursor                 002AEE RLA    
sp                        000082 RLZ    sreg                      000084 RLZ    
start                     002001 RLA    tmp1                      000092 RLZ    
tmp2                      000093 RLZ    tmp3                      000094 RLZ    
tmp4                      000095 RLZ    tossubeax                 00283D RLA    
tosudiv0ax                0028F3 RLA    tosudivax                 002B78 RLA    
tosumod0ax                00296D RLA    tosumul0ax                00279C RLA    
tosumulax                 002986 RLA    udiv32                    002928 RLA    
zerobss                   002C4E RLA    


Exports list by value:
----------------------
__CONSTRUCTOR_COUNT__     000000 REA    __DESTRUCTOR_COUNT__      000000 REA    
__LOWCODE_SIZE__          000000 REA    __RESERVED_MEMORY__       000000 REA    
__AUTOSTART__             000001 REA    __EXEHDR__                000001 REA    
__STARTUP__               000001 REA    __SYSCHKHDR__             000001 REA    
__SYSCHKTRL__             000001 REA    sp                        000082 RLZ    
sreg                      000084 RLZ    ptr1                      00008A RLZ    
ptr2                      00008C RLZ    ptr3                      00008E RLZ    
ptr4                      000090 RLZ    tmp1                      000092 RLZ    
tmp2                      000093 RLZ    tmp3                      000094 RLZ    
tmp4                      000095 RLZ    regbank                   000096 RLZ    
__STACKSIZE__             000800 REA    __MAIN_START__            002000 RLA    
__STARTADDRESS__          002000 REA    start                     002001 RLA    
__LOWCODE_RUN__           002063 RLA    initlib                   002063 RLA    
__CONSTRUCTOR_TABLE__     00206F RLA    _main                     00207A RLA    
__directerrno             00226F RLA    __mappederrno             002279 RLA    
__printf                  00237C RLA    __seterrno                00262E RLA    
addysp1                   002637 RLA    addysp                    002638 RLA    
axlong                    002645 RLA    axulong                   00264B RLA    
callmain                  002652 RLA    _cgetc                    002669 RLA    
_clock                    00267F RLA    __clocks_per_sec          002692 RLA    
donelib                   0026A1 RLA    decsp4                    0026AD RLA    
decsp6                    0026BA RLA    __do_oserror              0026C7 RLA    
fdtoiocb                  0026CB RLA    _fwrite                   0026ED RLA    
popax                     002768 RLA    incsp2                    002770 RLA    
incsp6                    00277E RLA    __inviocb                 002783 RLA    
_kbhit                    002788 RLA    ldaxysp                   002795 RLA    
tosumul0ax                00279C RLA    negeax                    0027F8 RLA    
pusheax                   00281F RLA    tossubeax                 00283D RLA    
_ltoa                     002876 RLA    _ultoa                    0028B7 RLA    
tosudiv0ax                0028F3 RLA    getlop                    002904 RLA    
udiv32                    002928 RLA    tosumod0ax                00296D RLA    
tosumulax                 002986 RLA    _mul40                    0029CB RLA    
mul8x16                   0029EE RLA    mul8x16a                  0029F8 RLA    
__osmaperrno              002A26 RLA    popptr1                   002A40 RLA    
_printf                   002A4E RLA    push1                     002A81 RLA    
pusha0                    002A88 RLA    pushax                    002A8A RLA    
pushwysp                  002AA2 RLA    return1                   002ABC RLA    
__rwsetup                 002AC1 RLA    setcursor                 002AEE RLA    
_strlen                   002B28 RLA    _strlower                 002B3E RLA    
_toupper                  002B66 RLA    tosudivax                 002B78 RLA    
_vfprintf                 002BFD RLA    _write                    002C26 RLA    
zerobss                   002C4E RLA    __hextab                  002D2C RLA    
__longminstr              002D3C RLA    __ctype                   002D48 RLA    
__SYSCHK_LOAD__           002E00 RLA    __SYSTEM_CHECK__          002E47 REA    
__DESTRUCTOR_TABLE__      002E80 RLA    _stdout                   002E9A RLA    
fd_index                  002ECA RLA    fd_table                  002ED6 RLA    
__SYSCHK_END__            002EF6 RLA    __BSS_LOAD__              002EFE RLA    
__BSS_RUN__               002EFE RLA    __BSS_SIZE__              00403F REA    
cursor                    006F06 RLA    __oserror                 006F07 RLA    
__errno                   006F38 RLA    


Imports list:
-------------
__AUTOSTART__ (exetrailer.o):
    [linker generated]        /usr/share/cc65/cfg/atari.cfg(7)
__BSS_LOAD__ ([linker generated]):
    exehdr.o                  atari/exehdr.s(4)
__BSS_RUN__ ([linker generated]):
    zerobss.o                 common/zerobss.s(8)
    system_check.o            atari/system_check.s(23)
__BSS_SIZE__ ([linker generated]):
    zerobss.o                 common/zerobss.s(8)
    system_check.o            atari/system_check.s(23)
__CONSTRUCTOR_COUNT__ ([linker generated]):
    condes.o                  runtime/condes.s(18)
__CONSTRUCTOR_TABLE__ ([linker generated]):
    condes.o                  runtime/condes.s(18)
__DESTRUCTOR_COUNT__ ([linker generated]):
    condes.o                  runtime/condes.s(19)
__DESTRUCTOR_TABLE__ ([linker generated]):
    condes.o                  runtime/condes.s(19)
__EXEHDR__ (exehdr.o):
    [linker generated]        /usr/share/cc65/cfg/atari.cfg(5)
__LOWCODE_RUN__ ([linker generated]):
    crt0.o                    atari/crt0.s(18)
__LOWCODE_SIZE__ ([linker generated]):
    crt0.o                    atari/crt0.s(18)
__MAIN_START__ ([linker generated]):
    exehdr.o                  atari/exehdr.s(4)
__RESERVED_MEMORY__ ([linker generated]):
    system_check.o            atari/system_check.s(25)
    crt0.o                    atari/crt0.s(16)
    [linker generated]        /usr/share/cc65/cfg/atari.cfg(25)
__STACKSIZE__ ([linker generated]):
    system_check.o            atari/system_check.s(24)
    [linker generated]        /usr/share/cc65/cfg/atari.cfg(25)
__STARTADDRESS__ ([linker generated]):
    system_check.o            atari/system_check.s(20)
__STARTUP__ (crt0.o):
    sieve.o                   sieve.s(29)
__SYSCHKHDR__ (system_check_hdr.o):
    system_check.o            atari/system_check.s(28)
__SYSCHKTRL__ (system_check_trailer.o):
    system_check.o            atari/system_check.s(28)
__SYSCHK_END__ (system_check.o):
    system_check_hdr.o        atari/system_check_hdr.s(7)
__SYSCHK_LOAD__ ([linker generated]):
    system_check_hdr.o        atari/system_check_hdr.s(7)
__SYSTEM_CHECK__ (system_check.o):
    system_check_trailer.o    atari/system_check_trailer.s(7)
    [linker generated]        /usr/share/cc65/cfg/atari.cfg(6)
__clocks_per_sec (clock.o):
    sieve.o                   sieve.s(38)
__ctype (ctype.o):
    strlower.o                common/strlower.s(13)
    toupper.o                 common/toupper.s(8)
__directerrno (_directerrno.o):
    inviocb.o                 /build/cc65-cMn3ks/cc65-2.18/asminc/errno.inc(10)
__do_oserror (do_oserr.o):
    write.o                   atari/write.s(5)
__errno (errno.o):
    _seterrno.o               /build/cc65-cMn3ks/cc65-2.18/asminc/errno.inc(7)
__hextab (_hextab.o):
    ltoa.o                    common/ltoa.s(10)
__inviocb (inviocb.o):
    write.o                   atari/write.s(5)
__longminstr (_longminstr.o):
    ltoa.o                    common/ltoa.s(10)
__mappederrno (_mappederrno.o):
    do_oserr.o                /build/cc65-cMn3ks/cc65-2.18/asminc/errno.inc(10)
__oserror (_oserror.o):
    _mappederrno.o            /build/cc65-cMn3ks/cc65-2.18/asminc/errno.inc(7)
    _directerrno.o            /build/cc65-cMn3ks/cc65-2.18/asminc/errno.inc(7)
    write.o                   atari/write.s(5)
__osmaperrno (oserror.o):
    _mappederrno.o            /build/cc65-cMn3ks/cc65-2.18/asminc/errno.inc(8)
__printf (_printf.o):
    vfprintf.o                common/vfprintf.s(10)
__rwsetup (rwcommon.o):
    write.o                   atari/write.s(5)
__seterrno (_seterrno.o):
    _mappederrno.o            /build/cc65-cMn3ks/cc65-2.18/asminc/errno.inc(9)
    _directerrno.o            /build/cc65-cMn3ks/cc65-2.18/asminc/errno.inc(9)
    fwrite.o                  /build/cc65-cMn3ks/cc65-2.18/asminc/errno.inc(9)
_cgetc (cgetc.o):
    sieve.o                   sieve.s(41)
_clock (clock.o):
    sieve.o                   sieve.s(39)
_fwrite (fwrite.o):
    vfprintf.o                common/vfprintf.s(10)
_kbhit (kbhit.o):
    sieve.o                   sieve.s(40)
_ltoa (ltoa.o):
    _printf.o                 common/_printf.s(12)
_main (sieve.o):
    callmain.o                runtime/callmain.s(11)
_mul40 (mul40.o):
    setcursor.o               atari/setcursor.s(7)
_printf (printf.o):
    sieve.o                   sieve.s(36)
_stdout (_file.o):
    printf.o                  common/printf.s(8)
_strlen (strlen.o):
    _printf.o                 common/_printf.s(13)
_strlower (strlower.o):
    _printf.o                 common/_printf.s(13)
_toupper (toupper.o):
    sieve.o                   sieve.s(37)
_ultoa (ltoa.o):
    _printf.o                 common/_printf.s(12)
_vfprintf (vfprintf.o):
    printf.o                  common/printf.s(8)
_write (write.o):
    fwrite.o                  common/fwrite.s(10)
addysp (addysp.o):
    fwrite.o                  common/fwrite.s(11)
    printf.o                  common/printf.s(8)
    incsp6.o                  runtime/incsp6.s(8)
addysp1 (addysp.o):
    ludiv.o                   runtime/ludiv.s(9)
    lsub.o                    runtime/lsub.s(11)
    lmul.o                    runtime/lmul.s(9)
axlong (axlong.o):
    _printf.o                 common/_printf.s(11)
axulong (axlong.o):
    _printf.o                 common/_printf.s(11)
callmain (callmain.o):
    crt0.o                    atari/crt0.s(15)
cursor (_cursor.o):
    setcursor.o               atari/setcursor.s(7)
decsp4 (decsp4.o):
    lpush.o                   runtime/lpush.s(12)
decsp6 (decsp6.o):
    _printf.o                 common/_printf.s(11)
donelib (condes.o):
    crt0.o                    atari/crt0.s(14)
fd_index (fdtab.o):
    fdtoiocb.o                atari/fdtoiocb.s(10)
fd_table (fdtab.o):
    fdtoiocb.o                atari/fdtoiocb.s(10)
fdtoiocb (fdtoiocb.o):
    rwcommon.o                atari/rwcommon.s(8)
getlop (ludiv.o):
    lumod.o                   runtime/lumod.s(9)
incsp2 (incsp2.o):
    popptr1.o                 runtime/popptr1.s(8)
incsp6 (incsp6.o):
    fwrite.o                  common/fwrite.s(11)
    vfprintf.o                common/vfprintf.s(9)
    sieve.o                   sieve.s(504)
initlib (condes.o):
    crt0.o                    atari/crt0.s(14)
ldaxysp (ldaxsp.o):
    fwrite.o                  common/fwrite.s(11)
mul8x16 (mul8.o):
    mul.o                     runtime/mul.s(8)
mul8x16a (mul8.o):
    mul.o                     runtime/mul.s(8)
negeax (lneg.o):
    ltoa.o                    common/ltoa.s(9)
popax (incsp2.o):
    rwcommon.o                atari/rwcommon.s(7)
    ltoa.o                    common/ltoa.s(9)
    _printf.o                 common/_printf.s(11)
popptr1 (popptr1.o):
    udiv.o                    runtime/udiv.s(9)
    mul8.o                    runtime/mul8.s(9)
    mul.o                     runtime/mul.s(9)
    ltoa.o                    common/ltoa.s(9)
ptr1 (zeropage.o):
    udiv.o                    runtime/udiv.s(10)
    strlower.o                common/strlower.s(14)
    popptr1.o                 runtime/popptr1.s(9)
    mul8.o                    runtime/mul8.s(10)
    mul.o                     runtime/mul.s(10)
    ltoa.o                    common/ltoa.s(11)
    fwrite.o                  common/fwrite.s(14)
    _printf.o                 /build/cc65-cMn3ks/cc65-2.18/asminc/zeropage.inc(12)
    zerobss.o                 common/zerobss.s(9)
    vfprintf.o                common/vfprintf.s(11)
    printf.o                  common/printf.s(9)
    ludiv.o                   runtime/ludiv.s(10)
    lmul.o                    runtime/lmul.s(10)
    sieve.o                   sieve.s(11)
ptr2 (zeropage.o):
    strlower.o                common/strlower.s(14)
    strlen.o                  common/strlen.s(12)
    ltoa.o                    common/ltoa.s(11)
    _printf.o                 /build/cc65-cMn3ks/cc65-2.18/asminc/zeropage.inc(12)
    lumod.o                   runtime/lumod.s(10)
    ludiv.o                   runtime/ludiv.s(10)
ptr3 (zeropage.o):
    ltoa.o                    common/ltoa.s(11)
    ludiv.o                   runtime/ludiv.s(10)
    lmul.o                    runtime/lmul.s(10)
ptr4 (zeropage.o):
    udiv.o                    runtime/udiv.s(10)
    mul8.o                    runtime/mul8.s(10)
    mul.o                     runtime/mul.s(10)
    ludiv.o                   runtime/ludiv.s(10)
    lmul.o                    runtime/lmul.s(10)
push1 (push1.o):
    _printf.o                 common/_printf.s(11)
    vfprintf.o                common/vfprintf.s(9)
pusha0 (pushax.o):
    push1.o                   runtime/push1.s(8)
pushax (pushax.o):
    fwrite.o                  common/fwrite.s(11)
    callmain.o                runtime/callmain.s(11)
    _printf.o                 common/_printf.s(11)
    printf.o                  common/printf.s(8)
    sieve.o                   sieve.s(504)
pusheax (lpush.o):
    _printf.o                 common/_printf.s(11)
    sieve.o                   sieve.s(504)
pushwysp (pushwsp.o):
    fwrite.o                  common/fwrite.s(11)
    vfprintf.o                common/vfprintf.s(9)
regbank (zeropage.o):
    _printf.o                 /build/cc65-cMn3ks/cc65-2.18/asminc/zeropage.inc(14)
    sieve.o                   sieve.s(10)
return1 (return1.o):
    kbhit.o                   atari/kbhit.s(8)
setcursor (setcursor.o):
    cgetc.o                   atari/cgetc.s(10)
sp (zeropage.o):
    pushwsp.o                 runtime/pushwsp.s(8)
    popptr1.o                 runtime/popptr1.s(9)
    ldaxsp.o                  runtime/ldaxsp.s(8)
    incsp2.o                  runtime/incsp2.s(8)
    decsp6.o                  runtime/decsp6.s(8)
    decsp4.o                  runtime/decsp4.s(8)
    addysp.o                  runtime/addysp.s(8)
    _printf.o                 /build/cc65-cMn3ks/cc65-2.18/asminc/zeropage.inc(11)
    vfprintf.o                common/vfprintf.s(11)
    pushax.o                  runtime/pushax.s(8)
    printf.o                  common/printf.s(9)
    ludiv.o                   runtime/ludiv.s(10)
    lsub.o                    runtime/lsub.s(12)
    lpush.o                   runtime/lpush.s(13)
    lmul.o                    runtime/lmul.s(10)
    crt0.o                    /build/cc65-cMn3ks/cc65-2.18/asminc/zeropage.inc(11)
    sieve.o                   sieve.s(10)
sreg (zeropage.o):
    lneg.o                    runtime/lneg.s(11)
    udiv.o                    runtime/udiv.s(10)
    ltoa.o                    common/ltoa.s(11)
    axlong.o                  runtime/axlong.s(9)
    _printf.o                 /build/cc65-cMn3ks/cc65-2.18/asminc/zeropage.inc(11)
    lumod.o                   runtime/lumod.s(10)
    ludiv.o                   runtime/ludiv.s(10)
    lsub.o                    runtime/lsub.s(12)
    lpush.o                   runtime/lpush.s(13)
    lmul.o                    runtime/lmul.s(10)
    clock.o                   atari/clock.s(10)
    sieve.o                   sieve.s(10)
start (crt0.o):
    exetrailer.o              atari/exetrailer.s(4)
tmp1 (zeropage.o):
    mul.o                     runtime/mul.s(10)
    ltoa.o                    common/ltoa.s(11)
    _printf.o                 /build/cc65-cMn3ks/cc65-2.18/asminc/zeropage.inc(13)
tmp2 (zeropage.o):
    lmul.o                    runtime/lmul.s(10)
tmp3 (zeropage.o):
    lumod.o                   runtime/lumod.s(10)
    ludiv.o                   runtime/ludiv.s(10)
    lmul.o                    runtime/lmul.s(10)
tmp4 (zeropage.o):
    mul40.o                   common/mul40.s(16)
    lumod.o                   runtime/lumod.s(10)
    ludiv.o                   runtime/ludiv.s(10)
    lmul.o                    runtime/lmul.s(10)
tossubeax (lsub.o):
    sieve.o                   sieve.s(504)
tosudiv0ax (ludiv.o):
    sieve.o                   sieve.s(504)
tosudivax (udiv.o):
    fwrite.o                  common/fwrite.s(12)
tosumod0ax (lumod.o):
    sieve.o                   sieve.s(504)
tosumul0ax (lmul.o):
    sieve.o                   sieve.s(504)
tosumulax (mul.o):
    fwrite.o                  common/fwrite.s(12)
udiv32 (ludiv.o):
    lumod.o                   runtime/lumod.s(9)
zerobss (zerobss.o):
    crt0.o                    atari/crt0.s(15)

